 Short results file generated by S.K.E.A.F. v1.3.0 r149 (Python port)
 
 XCrysDen FS filename: cylinder.bxsf                                     
 Fermi energy:     1.011660 Ryd 
 Original     nx =   50  ny =   50  nz =   50
 New      numint =  120
 H-vector direction: r   Number of auto rotated angles =    19
 Theta =   0.000000 to   0.000000 degrees;  Phi =   0.000000 to  90.000000 degrees 
 Minimum extremal FS freq.:   0.0000 kT 
 Maximum fractional diff. between orbit freqs. for averaging:   0.010
 Maximum distance (fraction of RUC side length) between orbit avg. coords. for averaging:   0.150
 Extremal orbits near super-cell walls are ALLOWED to be included in the output.
 
 
 Predicted dHvA frequencies: 
 
 ANGLE     1 of    17    theta =   0.000000 degrees, phi =   0.000000 degrees
  Freq. =   4.5666+/-  0.0000 kT, m* =   3.3334+/-  0.0000 m_e, Curv. =  -1.6847E-11+/-  9.4250E-10 kT A^2, orbit (1=e,-1=h):  1.0+/- 0.0
  Orbit copies found:   746, RUC avg coords: (  0.5000+/-  0.0000,  0.5000+/-  0.0000,  0.5346+/-  0.0429)
 
  Freq. =   4.5666+/-  0.0000 kT, m* =   3.3334+/-  0.0000 m_e, Curv. =   3.7573E-13+/-  1.0987E-09 kT A^2, orbit (1=e,-1=h):  1.0+/- 0.0
  Orbit copies found:   805, RUC avg coords: (  0.5000+/-  0.0000,  0.5000+/-  0.0000,  0.6840+/-  0.0424)
 
  Freq. =   4.5666+/-  0.0000 kT, m* =   3.3334+/-  0.0000 m_e, Curv. =   2.7289E-11+/-  1.0799E-09 kT A^2, orbit (1=e,-1=h):  1.0+/- 0.0
  Orbit copies found:   498, RUC avg coords: (  0.5000+/-  0.0000,  0.5000+/-  0.0000,  0.8090+/-  0.0292)
 
  Freq. =   4.5666+/-  0.0000 kT, m* =   3.3334+/-  0.0000 m_e, Curv. =   1.9895E-11+/-  1.0165E-09 kT A^2, orbit (1=e,-1=h):  1.0+/- 0.0
  Orbit copies found:  1546, RUC avg coords: (  0.5000+/-  0.0000,  0.5000+/-  0.0000,  0.4617+/-  0.4266)
 
  Freq. =   4.5666+/-  0.0000 kT, m* =   3.3334+/-  0.0000 m_e, Curv. =   3.0466E-11+/-  1.0274E-09 kT A^2, orbit (1=e,-1=h):  1.0+/- 0.0
  Orbit copies found:   735, RUC avg coords: (  0.5000+/-  0.0000,  0.5000+/-  0.0000,  0.3838+/-  0.0436)
 
  Freq. =   4.5666+/-  0.0000 kT, m* =   3.3334+/-  0.0000 m_e, Curv. =  -4.9253E-11+/-  1.0549E-09 kT A^2, orbit (1=e,-1=h):  1.0+/- 0.0
  Orbit copies found:   789, RUC avg coords: (  0.5000+/-  0.0000,  0.5000+/-  0.0000,  0.2335+/-  0.0435)
 
 ANGLE     2 of    17    theta =   0.000000 degrees, phi =   5.000000 degrees
  Freq. =   4.5840+/-  0.0000 kT, m* =   3.3461+/-  0.0000 m_e, Curv. =  -4.3513E-03+/-  3.6015E-02 kT A^2, orbit (1=e,-1=h):  1.0+/- 0.0
  Orbit copies found:   384, RUC avg coords: (  0.5000+/-  0.0010,  0.5000+/-  0.0000,  0.7546+/-  0.0445)
 
  Freq. =   4.5840+/-  0.0000 kT, m* =   3.3461+/-  0.0000 m_e, Curv. =  -5.2630E-03+/-  3.5805E-02 kT A^2, orbit (1=e,-1=h):  1.0+/- 0.0
  Orbit copies found:   392, RUC avg coords: (  0.5000+/-  0.0010,  0.5000+/-  0.0000,  0.2734+/-  0.0433)
 
  Freq. =   4.5840+/-  0.0000 kT, m* =   3.3461+/-  0.0000 m_e, Curv. =  -6.9023E-03+/-  3.5395E-02 kT A^2, orbit (1=e,-1=h):  1.0+/- 0.0
  Orbit copies found:   776, RUC avg coords: (  0.5000+/-  0.0011,  0.5000+/-  0.0000,  0.3712+/-  0.3997)
 
  Freq. =   4.5840+/-  0.0000 kT, m* =   3.3461+/-  0.0000 m_e, Curv. =  -7.3952E-03+/-  3.5700E-02 kT A^2, orbit (1=e,-1=h):  1.0+/- 0.0
  Orbit copies found:   408, RUC avg coords: (  0.5000+/-  0.0011,  0.5000+/-  0.0000,  0.5957+/-  0.0477)
 
  Freq. =   4.5840+/-  0.0000 kT, m* =   3.3461+/-  0.0000 m_e, Curv. =  -6.7659E-03+/-  3.6360E-02 kT A^2, orbit (1=e,-1=h):  1.0+/- 0.0
  Orbit copies found:   408, RUC avg coords: (  0.5000+/-  0.0011,  0.5000+/-  0.0000,  0.4318+/-  0.0474)
 
  Freq. =   4.5840+/-  0.0000 kT, m* =   3.3461+/-  0.0000 m_e, Curv. =  -7.8748E-03+/-  3.6573E-02 kT A^2, orbit (1=e,-1=h):  1.0+/- 0.0
  Orbit copies found:   176, RUC avg coords: (  0.4999+/-  0.0011,  0.5000+/-  0.0000,  0.8640+/-  0.0200)
 
 ANGLE     3 of    17    theta =   0.000000 degrees, phi =  10.000000 degrees
  Freq. =   4.6370+/-  0.0000 kT, m* =   3.3848+/-  0.0000 m_e, Curv. =   3.6226E-02+/-  9.8270E-02 kT A^2, orbit (1=e,-1=h):  1.0+/- 0.0
  Orbit copies found:   224, RUC avg coords: (  0.5000+/-  0.0005,  0.5000+/-  0.0000,  0.8966+/-  0.0204)
 
  Freq. =   4.6370+/-  0.0000 kT, m* =   3.3848+/-  0.0000 m_e, Curv. =   3.5880E-02+/-  9.6972E-02 kT A^2, orbit (1=e,-1=h):  1.0+/- 0.0
  Orbit copies found:   976, RUC avg coords: (  0.5000+/-  0.0005,  0.5000+/-  0.0000,  0.3107+/-  0.3620)
 
  Freq. =   4.6370+/-  0.0000 kT, m* =   3.3848+/-  0.0000 m_e, Curv. =   3.3928E-02+/-  9.7595E-02 kT A^2, orbit (1=e,-1=h):  1.0+/- 0.0
  Orbit copies found:   516, RUC avg coords: (  0.5000+/-  0.0005,  0.5000+/-  0.0000,  0.4728+/-  0.0465)
 
  Freq. =   4.6370+/-  0.0000 kT, m* =   3.3848+/-  0.0000 m_e, Curv. =   3.4939E-02+/-  9.6700E-02 kT A^2, orbit (1=e,-1=h):  1.0+/- 0.0
  Orbit copies found:   496, RUC avg coords: (  0.5000+/-  0.0005,  0.5000+/-  0.0000,  0.7833+/-  0.0441)
 
  Freq. =   4.6370+/-  0.0000 kT, m* =   3.3848+/-  0.0000 m_e, Curv. =   3.4821E-02+/-  9.6740E-02 kT A^2, orbit (1=e,-1=h):  1.0+/- 0.0
  Orbit copies found:   476, RUC avg coords: (  0.5000+/-  0.0005,  0.5000+/-  0.0000,  0.6294+/-  0.0451)
 
  Freq. =   4.6370+/-  0.0000 kT, m* =   3.3848+/-  0.0000 m_e, Curv. =   3.3729E-02+/-  9.5863E-02 kT A^2, orbit (1=e,-1=h):  1.0+/- 0.0
  Orbit copies found:   516, RUC avg coords: (  0.5000+/-  0.0005,  0.5000+/-  0.0000,  0.3126+/-  0.0464)
 
 ANGLE     4 of    17    theta =   0.000000 degrees, phi =  15.000000 degrees
  Freq. =   4.7277+/-  0.0000 kT, m* =   3.4510+/-  0.0000 m_e, Curv. =  -5.4568E-02+/-  2.7383E-01 kT A^2, orbit (1=e,-1=h):  1.0+/- 0.0
  Orbit copies found:   164, RUC avg coords: (  0.5001+/-  0.0012,  0.5000+/-  0.0000,  0.9340+/-  0.0148)
 
  Freq. =   4.7277+/-  0.0000 kT, m* =   3.4510+/-  0.0000 m_e, Curv. =  -5.4285E-02+/-  2.6817E-01 kT A^2, orbit (1=e,-1=h):  1.0+/- 0.0
  Orbit copies found:   516, RUC avg coords: (  0.5000+/-  0.0012,  0.5000+/-  0.0000,  0.8264+/-  0.0483)
 
  Freq. =   4.7277+/-  0.0000 kT, m* =   3.4510+/-  0.0000 m_e, Curv. =  -5.7335E-02+/-  2.6905E-01 kT A^2, orbit (1=e,-1=h):  1.0+/- 0.0
  Orbit copies found:   568, RUC avg coords: (  0.5000+/-  0.0012,  0.5000+/-  0.0000,  0.3400+/-  0.0476)
 
  Freq. =   4.7277+/-  0.0000 kT, m* =   3.4510+/-  0.0000 m_e, Curv. =  -5.9958E-02+/-  2.6980E-01 kT A^2, orbit (1=e,-1=h):  1.0+/- 0.0
  Orbit copies found:   508, RUC avg coords: (  0.5000+/-  0.0012,  0.5000+/-  0.0000,  0.5003+/-  0.0455)
 
  Freq. =   4.7277+/-  0.0000 kT, m* =   3.4510+/-  0.0000 m_e, Curv. =  -6.0963E-02+/-  2.7141E-01 kT A^2, orbit (1=e,-1=h):  1.0+/- 0.0
  Orbit copies found:   996, RUC avg coords: (  0.5000+/-  0.0012,  0.5000+/-  0.0000,  0.2475+/-  0.2994)
 
  Freq. =   4.7277+/-  0.0000 kT, m* =   3.4510+/-  0.0000 m_e, Curv. =  -6.3791E-02+/-  2.7120E-01 kT A^2, orbit (1=e,-1=h):  1.0+/- 0.0
  Orbit copies found:   560, RUC avg coords: (  0.5000+/-  0.0012,  0.5000+/-  0.0000,  0.6598+/-  0.0475)
 
 ANGLE     5 of    17    theta =   0.000000 degrees, phi =  20.000000 degrees
  Freq. =   4.8597+/-  0.0000 kT, m* =   3.5473+/-  0.0000 m_e, Curv. =  -1.2892E-02+/-  3.6768E-01 kT A^2, orbit (1=e,-1=h):  1.0+/- 0.0
  Orbit copies found:   668, RUC avg coords: (  0.5000+/-  0.0010,  0.5000+/-  0.0000,  0.3536+/-  0.0449)
 
  Freq. =   4.8597+/-  0.0000 kT, m* =   3.5473+/-  0.0000 m_e, Curv. =  -1.4041E-02+/-  3.6953E-01 kT A^2, orbit (1=e,-1=h):  1.0+/- 0.0
  Orbit copies found:  1300, RUC avg coords: (  0.5000+/-  0.0010,  0.5000+/-  0.0000,  0.2009+/-  0.2303)
 
  Freq. =   4.8597+/-  0.0000 kT, m* =   3.5473+/-  0.0000 m_e, Curv. =  -1.5051E-02+/-  3.6855E-01 kT A^2, orbit (1=e,-1=h):  1.0+/- 0.0
  Orbit copies found:   680, RUC avg coords: (  0.4999+/-  0.0010,  0.5000+/-  0.0000,  0.8282+/-  0.0435)
 
  Freq. =   4.8597+/-  0.0000 kT, m* =   3.5473+/-  0.0000 m_e, Curv. =  -1.6477E-02+/-  3.7025E-01 kT A^2, orbit (1=e,-1=h):  1.0+/- 0.0
  Orbit copies found:   656, RUC avg coords: (  0.5000+/-  0.0010,  0.5000+/-  0.0000,  0.6675+/-  0.0472)
 
  Freq. =   4.8597+/-  0.0000 kT, m* =   3.5473+/-  0.0000 m_e, Curv. =  -1.7660E-02+/-  3.6993E-01 kT A^2, orbit (1=e,-1=h):  1.0+/- 0.0
  Orbit copies found:   724, RUC avg coords: (  0.5000+/-  0.0010,  0.5000+/-  0.0000,  0.5093+/-  0.0457)
 
  Freq. =   4.8597+/-  0.0000 kT, m* =   3.5473+/-  0.0000 m_e, Curv. =  -2.0284E-02+/-  3.6354E-01 kT A^2, orbit (1=e,-1=h):  1.0+/- 0.0
  Orbit copies found:   320, RUC avg coords: (  0.5000+/-  0.0011,  0.5000+/-  0.0000,  0.9396+/-  0.0217)
 
 ANGLE     6 of    17    theta =   0.000000 degrees, phi =  25.000000 degrees
  Freq. =   5.0388+/-  0.0000 kT, m* =   3.6780+/-  0.0000 m_e, Curv. =   1.1394E-03+/-  1.3041E-01 kT A^2, orbit (1=e,-1=h):  1.0+/- 0.0
  Orbit copies found:   952, RUC avg coords: (  0.5000+/-  0.0009,  0.5000+/-  0.0000,  0.3668+/-  0.0456)
 
  Freq. =   5.0388+/-  0.0000 kT, m* =   3.6780+/-  0.0000 m_e, Curv. =   4.3798E-04+/-  1.2962E-01 kT A^2, orbit (1=e,-1=h):  1.0+/- 0.0
  Orbit copies found:   912, RUC avg coords: (  0.5000+/-  0.0009,  0.5000+/-  0.0000,  0.5238+/-  0.0461)
 
  Freq. =   5.0388+/-  0.0000 kT, m* =   3.6780+/-  0.0000 m_e, Curv. =   3.7429E-04+/-  1.3128E-01 kT A^2, orbit (1=e,-1=h):  1.0+/- 0.0
  Orbit copies found:   780, RUC avg coords: (  0.5000+/-  0.0009,  0.5000+/-  0.0000,  0.6816+/-  0.0457)
 
  Freq. =   5.0388+/-  0.0000 kT, m* =   3.6780+/-  0.0000 m_e, Curv. =  -4.9002E-04+/-  1.3097E-01 kT A^2, orbit (1=e,-1=h):  1.0+/- 0.0
  Orbit copies found:  1608, RUC avg coords: (  0.5000+/-  0.0009,  0.5000+/-  0.0000,  0.1727+/-  0.1607)
 
  Freq. =   5.0388+/-  0.0000 kT, m* =   3.6780+/-  0.0000 m_e, Curv. =  -5.6598E-04+/-  1.2943E-01 kT A^2, orbit (1=e,-1=h):  1.0+/- 0.0
  Orbit copies found:   764, RUC avg coords: (  0.5000+/-  0.0009,  0.5000+/-  0.0000,  0.8409+/-  0.0456)
 
  Freq. =   5.0388+/-  0.0000 kT, m* =   3.6780+/-  0.0000 m_e, Curv. =  -4.8447E-03+/-  1.3111E-01 kT A^2, orbit (1=e,-1=h):  1.0+/- 0.0
  Orbit copies found:   336, RUC avg coords: (  0.5000+/-  0.0009,  0.5000+/-  0.0000,  0.9549+/-  0.0201)
 
 ANGLE     7 of    17    theta =   0.000000 degrees, phi =  30.000000 degrees
  Freq. =   5.2732+/-  0.0000 kT, m* =   3.8491+/-  0.0000 m_e, Curv. =   1.0623E-02+/-  3.3730E-01 kT A^2, orbit (1=e,-1=h):  1.0+/- 0.0
  Orbit copies found:   372, RUC avg coords: (  0.5000+/-  0.0005,  0.5000+/-  0.0000,  0.9545+/-  0.0237)
 
  Freq. =   5.2732+/-  0.0000 kT, m* =   3.8491+/-  0.0000 m_e, Curv. =   6.0032E-03+/-  3.3415E-01 kT A^2, orbit (1=e,-1=h):  1.0+/- 0.0
  Orbit copies found:   636, RUC avg coords: (  0.5000+/-  0.0005,  0.5000+/-  0.0000,  0.5277+/-  0.0436)
 
  Freq. =   5.2732+/-  0.0000 kT, m* =   3.8491+/-  0.0000 m_e, Curv. =   4.4862E-03+/-  3.3379E-01 kT A^2, orbit (1=e,-1=h):  1.0+/- 0.0
  Orbit copies found:   764, RUC avg coords: (  0.5000+/-  0.0005,  0.5000+/-  0.0000,  0.3710+/-  0.0455)
 
  Freq. =   5.2732+/-  0.0000 kT, m* =   3.8491+/-  0.0000 m_e, Curv. =   2.5975E-03+/-  3.3407E-01 kT A^2, orbit (1=e,-1=h):  1.0+/- 0.0
  Orbit copies found:   672, RUC avg coords: (  0.5000+/-  0.0005,  0.5000+/-  0.0000,  0.6821+/-  0.0465)
 
  Freq. =   5.2732+/-  0.0000 kT, m* =   3.8491+/-  0.0000 m_e, Curv. =   2.7586E-04+/-  3.3352E-01 kT A^2, orbit (1=e,-1=h):  1.0+/- 0.0
  Orbit copies found:  1452, RUC avg coords: (  0.5000+/-  0.0005,  0.5000+/-  0.0000,  0.1579+/-  0.1299)
 
  Freq. =   5.2732+/-  0.0000 kT, m* =   3.8491+/-  0.0000 m_e, Curv. =  -1.8344E-03+/-  3.3349E-01 kT A^2, orbit (1=e,-1=h):  1.0+/- 0.0
  Orbit copies found:   684, RUC avg coords: (  0.5000+/-  0.0005,  0.5000+/-  0.0000,  0.8380+/-  0.0435)
 
 ANGLE     8 of    17    theta =   0.000000 degrees, phi =  35.000000 degrees
  Freq. =   5.5750+/-  0.0000 kT, m* =   4.0693+/-  0.0000 m_e, Curv. =  -3.7779E-02+/-  2.8229E-01 kT A^2, orbit (1=e,-1=h):  1.0+/- 0.0
  Orbit copies found:   484, RUC avg coords: (  0.4999+/-  0.0008,  0.5000+/-  0.0000,  0.8267+/-  0.0448)
 
  Freq. =   5.5750+/-  0.0000 kT, m* =   4.0693+/-  0.0000 m_e, Curv. =  -3.8930E-02+/-  2.8330E-01 kT A^2, orbit (1=e,-1=h):  1.0+/- 0.0
  Orbit copies found:   460, RUC avg coords: (  0.5001+/-  0.0008,  0.5000+/-  0.0000,  0.3649+/-  0.0446)
 
  Freq. =   5.5750+/-  0.0000 kT, m* =   4.0693+/-  0.0000 m_e, Curv. =  -4.0290E-02+/-  2.8394E-01 kT A^2, orbit (1=e,-1=h):  1.0+/- 0.0
  Orbit copies found:   476, RUC avg coords: (  0.5001+/-  0.0008,  0.5000+/-  0.0000,  0.6736+/-  0.0448)
 
  Freq. =   5.5750+/-  0.0000 kT, m* =   4.0693+/-  0.0000 m_e, Curv. =  -4.1125E-02+/-  2.8315E-01 kT A^2, orbit (1=e,-1=h):  1.0+/- 0.0
  Orbit copies found:   504, RUC avg coords: (  0.4999+/-  0.0008,  0.5000+/-  0.0000,  0.5194+/-  0.0443)
 
  Freq. =   5.5750+/-  0.0000 kT, m* =   4.0693+/-  0.0000 m_e, Curv. =  -4.5807E-02+/-  2.8408E-01 kT A^2, orbit (1=e,-1=h):  1.0+/- 0.0
  Orbit copies found:   932, RUC avg coords: (  0.5000+/-  0.0008,  0.5000+/-  0.0000,  0.1858+/-  0.1971)
 
  Freq. =   5.5750+/-  0.0000 kT, m* =   4.0693+/-  0.0000 m_e, Curv. =  -4.7002E-02+/-  2.8761E-01 kT A^2, orbit (1=e,-1=h):  1.0+/- 0.0
  Orbit copies found:   232, RUC avg coords: (  0.5001+/-  0.0008,  0.5000+/-  0.0000,  0.9465+/-  0.0242)
 
 ANGLE     9 of    17    theta =   0.000000 degrees, phi =  40.000000 degrees
  Freq. =   5.9616+/-  0.0000 kT, m* =   4.3514+/-  0.0000 m_e, Curv. =  -4.6384E-02+/-  1.2322E-01 kT A^2, orbit (1=e,-1=h):  1.0+/- 0.0
  Orbit copies found:    28, RUC avg coords: (  0.5000+/-  0.0002,  0.5000+/-  0.0000,  0.9750+/-  0.0068)
 
  Freq. =   5.9616+/-  0.0000 kT, m* =   4.3514+/-  0.0000 m_e, Curv. =  -5.2110E-02+/-  1.1571E-01 kT A^2, orbit (1=e,-1=h):  1.0+/- 0.0
  Orbit copies found:   240, RUC avg coords: (  0.5000+/-  0.0008,  0.5000+/-  0.0000,  0.8834+/-  0.0479)
 
  Freq. =   5.9616+/-  0.0000 kT, m* =   4.3514+/-  0.0000 m_e, Curv. =  -5.1873E-02+/-  1.1351E-01 kT A^2, orbit (1=e,-1=h):  1.0+/- 0.0
  Orbit copies found:   300, RUC avg coords: (  0.5001+/-  0.0007,  0.5000+/-  0.0000,  0.3725+/-  0.0516)
 
  Freq. =   5.9616+/-  0.0000 kT, m* =   4.3514+/-  0.0000 m_e, Curv. =  -5.5045E-02+/-  1.1516E-01 kT A^2, orbit (1=e,-1=h):  1.0+/- 0.0
  Orbit copies found:   256, RUC avg coords: (  0.5000+/-  0.0007,  0.5000+/-  0.0000,  0.7134+/-  0.0511)
 
  Freq. =   5.9616+/-  0.0000 kT, m* =   4.3514+/-  0.0000 m_e, Curv. =  -5.8412E-02+/-  1.1533E-01 kT A^2, orbit (1=e,-1=h):  1.0+/- 0.0
  Orbit copies found:   460, RUC avg coords: (  0.5000+/-  0.0008,  0.5000+/-  0.0000,  0.2004+/-  0.2162)
 
  Freq. =   5.9616+/-  0.0000 kT, m* =   4.3514+/-  0.0000 m_e, Curv. =  -5.9602E-02+/-  1.1619E-01 kT A^2, orbit (1=e,-1=h):  1.0+/- 0.0
  Orbit copies found:   256, RUC avg coords: (  0.5000+/-  0.0006,  0.5000+/-  0.0000,  0.5422+/-  0.0468)
 
 ANGLE    10 of    17    theta =   0.000000 degrees, phi =  45.000000 degrees
  Freq. =   6.4585+/-  0.0000 kT, m* =   4.7141+/-  0.0000 m_e, Curv. =   9.5740E-12+/-  1.4410E-09 kT A^2, orbit (1=e,-1=h):  1.0+/- 0.0
  Orbit copies found:   451, RUC avg coords: (  0.5001+/-  0.0008,  0.5000+/-  0.0000,  0.4988+/-  0.0479)
 
  Freq. =   6.4585+/-  0.0000 kT, m* =   4.7141+/-  0.0000 m_e, Curv. =  -9.2947E-11+/-  1.2386E-09 kT A^2, orbit (1=e,-1=h):  1.0+/- 0.0
  Orbit copies found:    68, RUC avg coords: (  0.5001+/-  0.0008,  0.5000+/-  0.0000,  0.9382+/-  0.0069)
 
  Freq. =   6.4585+/-  0.0000 kT, m* =   4.7141+/-  0.0000 m_e, Curv. =   1.4790E-11+/-  1.3812E-09 kT A^2, orbit (1=e,-1=h):  1.0+/- 0.0
  Orbit copies found:   409, RUC avg coords: (  0.5001+/-  0.0008,  0.5000+/-  0.0000,  0.8501+/-  0.0487)
 
  Freq. =   6.4585+/-  0.0000 kT, m* =   4.7141+/-  0.0000 m_e, Curv. =  -9.5232E-12+/-  1.4886E-09 kT A^2, orbit (1=e,-1=h):  1.0+/- 0.0
  Orbit copies found:   955, RUC avg coords: (  0.5001+/-  0.0008,  0.5000+/-  0.0000,  0.2627+/-  0.3173)
 
  Freq. =   6.4585+/-  0.0000 kT, m* =   4.7141+/-  0.0000 m_e, Curv. =  -1.3632E-11+/-  1.4556E-09 kT A^2, orbit (1=e,-1=h):  1.0+/- 0.0
  Orbit copies found:   482, RUC avg coords: (  0.5001+/-  0.0008,  0.5000+/-  0.0000,  0.3305+/-  0.0489)
 
  Freq. =   6.4585+/-  0.0000 kT, m* =   4.7141+/-  0.0000 m_e, Curv. =  -3.5452E-11+/-  1.2897E-09 kT A^2, orbit (1=e,-1=h):  1.0+/- 0.0
  Orbit copies found:   486, RUC avg coords: (  0.5001+/-  0.0008,  0.5000+/-  0.0000,  0.6682+/-  0.0505)
 
 ANGLE    11 of    17    theta =   0.000000 degrees, phi =  50.000000 degrees
  Freq. =   7.1049+/-  0.0000 kT, m* =   5.1858+/-  0.0000 m_e, Curv. =  -5.7897E-04+/-  3.3502E-02 kT A^2, orbit (1=e,-1=h):  1.0+/- 0.0
  Orbit copies found:   412, RUC avg coords: (  0.5000+/-  0.0007,  0.5000+/-  0.0000,  0.5957+/-  0.0458)
 
  Freq. =   7.1049+/-  0.0000 kT, m* =   5.1858+/-  0.0000 m_e, Curv. =  -1.1964E-03+/-  3.3292E-02 kT A^2, orbit (1=e,-1=h):  1.0+/- 0.0
  Orbit copies found:   456, RUC avg coords: (  0.5000+/-  0.0007,  0.5000+/-  0.0000,  0.2804+/-  0.0459)
 
  Freq. =   7.1049+/-  0.0000 kT, m* =   5.1858+/-  0.0000 m_e, Curv. =  -1.2565E-03+/-  3.3530E-02 kT A^2, orbit (1=e,-1=h):  1.0+/- 0.0
  Orbit copies found:   932, RUC avg coords: (  0.5000+/-  0.0007,  0.5000+/-  0.0000,  0.3792+/-  0.4015)
 
  Freq. =   7.1049+/-  0.0000 kT, m* =   5.1858+/-  0.0000 m_e, Curv. =  -1.8025E-03+/-  3.3901E-02 kT A^2, orbit (1=e,-1=h):  1.0+/- 0.0
  Orbit copies found:   432, RUC avg coords: (  0.5000+/-  0.0007,  0.5000+/-  0.0000,  0.4375+/-  0.0445)
 
  Freq. =   7.1049+/-  0.0000 kT, m* =   5.1858+/-  0.0000 m_e, Curv. =  -1.7416E-03+/-  3.3613E-02 kT A^2, orbit (1=e,-1=h):  1.0+/- 0.0
  Orbit copies found:   416, RUC avg coords: (  0.5000+/-  0.0007,  0.5000+/-  0.0000,  0.7519+/-  0.0463)
 
  Freq. =   7.1049+/-  0.0000 kT, m* =   5.1858+/-  0.0000 m_e, Curv. =  -2.7102E-03+/-  3.4976E-02 kT A^2, orbit (1=e,-1=h):  1.0+/- 0.0
  Orbit copies found:   212, RUC avg coords: (  0.5000+/-  0.0007,  0.5000+/-  0.0000,  0.8663+/-  0.0203)
 
 ANGLE    12 of    17    theta =   0.000000 degrees, phi =  55.000000 degrees
  Freq. =   7.9623+/-  0.0000 kT, m* =   5.8116+/-  0.0000 m_e, Curv. =   8.7168E-03+/-  1.4057E-01 kT A^2, orbit (1=e,-1=h):  1.0+/- 0.0
  Orbit copies found:   128, RUC avg coords: (  0.4999+/-  0.0008,  0.5000+/-  0.0000,  0.8063+/-  0.0150)
 
  Freq. =   7.9623+/-  0.0000 kT, m* =   5.8116+/-  0.0000 m_e, Curv. =   3.2300E-03+/-  1.6785E-01 kT A^2, orbit (1=e,-1=h):  1.0+/- 0.0
  Orbit copies found:   464, RUC avg coords: (  0.5001+/-  0.0009,  0.5000+/-  0.0000,  0.2102+/-  0.0471)
 
  Freq. =   7.9623+/-  0.0000 kT, m* =   5.8116+/-  0.0000 m_e, Curv. =   2.6483E-03+/-  1.7123E-01 kT A^2, orbit (1=e,-1=h):  1.0+/- 0.0
  Orbit copies found:   440, RUC avg coords: (  0.5001+/-  0.0009,  0.5000+/-  0.0000,  0.7013+/-  0.0479)
 
  Freq. =   7.9623+/-  0.0000 kT, m* =   5.8116+/-  0.0000 m_e, Curv. =  -1.2950E-03+/-  1.6612E-01 kT A^2, orbit (1=e,-1=h):  1.0+/- 0.0
  Orbit copies found:   428, RUC avg coords: (  0.5000+/-  0.0009,  0.5000+/-  0.0000,  0.3796+/-  0.0478)
 
  Freq. =   7.9623+/-  0.0000 kT, m* =   5.8116+/-  0.0000 m_e, Curv. =  -2.8990E-03+/-  1.6554E-01 kT A^2, orbit (1=e,-1=h):  1.0+/- 0.0
  Orbit copies found:   860, RUC avg coords: (  0.5000+/-  0.0009,  0.5000+/-  0.0000,  0.5320+/-  0.4237)
 
  Freq. =   7.9623+/-  0.0000 kT, m* =   5.8116+/-  0.0000 m_e, Curv. =  -5.5427E-03+/-  1.6329E-01 kT A^2, orbit (1=e,-1=h):  1.0+/- 0.0
  Orbit copies found:   460, RUC avg coords: (  0.5001+/-  0.0009,  0.5000+/-  0.0000,  0.5404+/-  0.0464)
 
 ANGLE    13 of    17    theta =   0.000000 degrees, phi =  60.000000 degrees
  Freq. =   9.1341+/-  0.0000 kT, m* =   6.6667+/-  0.0000 m_e, Curv. =  -2.3547E-02+/-  1.1733E-01 kT A^2, orbit (1=e,-1=h):  1.0+/- 0.0
  Orbit copies found:   220, RUC avg coords: (  0.5000+/-  0.0006,  0.5000+/-  0.0000,  0.2784+/-  0.0430)
 
  Freq. =   9.1341+/-  0.0000 kT, m* =   6.6667+/-  0.0000 m_e, Curv. =  -2.5973E-02+/-  1.1750E-01 kT A^2, orbit (1=e,-1=h):  1.0+/- 0.0
  Orbit copies found:   432, RUC avg coords: (  0.4999+/-  0.0006,  0.5000+/-  0.0000,  0.7657+/-  0.2855)
 
  Freq. =   9.1341+/-  0.0000 kT, m* =   6.6667+/-  0.0000 m_e, Curv. =  -2.6611E-02+/-  1.1791E-01 kT A^2, orbit (1=e,-1=h):  1.0+/- 0.0
  Orbit copies found:   240, RUC avg coords: (  0.5000+/-  0.0006,  0.5000+/-  0.0000,  0.1193+/-  0.0477)
 
  Freq. =   9.1341+/-  0.0000 kT, m* =   6.6667+/-  0.0000 m_e, Curv. =  -2.7280E-02+/-  1.1741E-01 kT A^2, orbit (1=e,-1=h):  1.0+/- 0.0
  Orbit copies found:   252, RUC avg coords: (  0.5000+/-  0.0007,  0.5000+/-  0.0000,  0.5891+/-  0.0476)
 
  Freq. =   9.1341+/-  0.0000 kT, m* =   6.6667+/-  0.0000 m_e, Curv. =  -2.7650E-02+/-  1.1768E-01 kT A^2, orbit (1=e,-1=h):  1.0+/- 0.0
  Orbit copies found:   212, RUC avg coords: (  0.5000+/-  0.0007,  0.5000+/-  0.0000,  0.4302+/-  0.0438)
 
  Freq. =   9.1341+/-  0.0000 kT, m* =   6.6667+/-  0.0000 m_e, Curv. =  -3.4368E-02+/-  1.1784E-01 kT A^2, orbit (1=e,-1=h):  1.0+/- 0.0
  Orbit copies found:    96, RUC avg coords: (  0.5000+/-  0.0007,  0.5000+/-  0.0000,  0.7035+/-  0.0181)
 
 ANGLE    14 of    17    theta =   0.000000 degrees, phi =  65.000000 degrees
  Freq. =  10.8066+/-  0.0000 kT, m* =   7.8874+/-  0.0000 m_e, Curv. =   4.5227E-03+/-  2.1744E-02 kT A^2, orbit (1=e,-1=h):  1.0+/- 0.0
  Orbit copies found:    32, RUC avg coords: (  0.5001+/-  0.0004,  0.5000+/-  0.0000,  0.5660+/-  0.0201)
 
  Freq. =  10.8066+/-  0.0000 kT, m* =   7.8874+/-  0.0000 m_e, Curv. =  -3.4341E-03+/-  2.3554E-02 kT A^2, orbit (1=e,-1=h):  1.0+/- 0.0
  Orbit copies found:   132, RUC avg coords: (  0.5002+/-  0.0006,  0.5000+/-  0.0000,  0.2233+/-  0.0602)
 
  Freq. =  10.8066+/-  0.0000 kT, m* =   7.8874+/-  0.0000 m_e, Curv. =  -7.1327E-03+/-  2.4007E-02 kT A^2, orbit (1=e,-1=h):  1.0+/- 0.0
  Orbit copies found:   184, RUC avg coords: (  0.4998+/-  0.0006,  0.5000+/-  0.0000,  0.7700+/-  0.0868)
 
  Freq. =  10.8066+/-  0.0000 kT, m* =   7.8874+/-  0.0000 m_e, Curv. =  -9.5670E-03+/-  2.3992E-02 kT A^2, orbit (1=e,-1=h):  1.0+/- 0.0
  Orbit copies found:   116, RUC avg coords: (  0.5000+/-  0.0006,  0.5000+/-  0.0000,  0.4245+/-  0.4476)
 
  Freq. =  10.8066+/-  0.0000 kT, m* =   7.8874+/-  0.0000 m_e, Curv. =  -1.2023E-02+/-  2.3828E-02 kT A^2, orbit (1=e,-1=h):  1.0+/- 0.0
  Orbit copies found:   128, RUC avg coords: (  0.5000+/-  0.0006,  0.5000+/-  0.0000,  0.4296+/-  0.0579)
 
 ANGLE    15 of    17    theta =   0.000000 degrees, phi =  70.000000 degrees
  Freq. =  13.3534+/-  0.0000 kT, m* =   9.7460+/-  0.0001 m_e, Curv. =  -7.4629E-03+/-  6.3137E-02 kT A^2, orbit (1=e,-1=h):  1.0+/- 0.0
  Orbit copies found:   140, RUC avg coords: (  0.5000+/-  0.0002,  0.5000+/-  0.0000,  0.1418+/-  0.0578)
 
  Freq. =  13.3534+/-  0.0000 kT, m* =   9.7460+/-  0.0001 m_e, Curv. =  -8.7970E-03+/-  6.2862E-02 kT A^2, orbit (1=e,-1=h):  1.0+/- 0.0
  Orbit copies found:   144, RUC avg coords: (  0.4999+/-  0.0001,  0.5000+/-  0.0000,  0.7461+/-  0.0571)
 
  Freq. =  13.3534+/-  0.0000 kT, m* =   9.7460+/-  0.0001 m_e, Curv. =  -1.0111E-02+/-  6.2869E-02 kT A^2, orbit (1=e,-1=h):  1.0+/- 0.0
  Orbit copies found:   212, RUC avg coords: (  0.5000+/-  0.0002,  0.5000+/-  0.0000,  0.5034+/-  0.0861)
 
  Freq. =  13.3534+/-  0.0000 kT, m* =   9.7460+/-  0.0001 m_e, Curv. =  -9.9849E-03+/-  6.2294E-02 kT A^2, orbit (1=e,-1=h):  1.0+/- 0.0
  Orbit copies found:   148, RUC avg coords: (  0.5000+/-  0.0002,  0.5000+/-  0.0000,  0.7258+/-  0.3726)
 
  Freq. =  13.3534+/-  0.0000 kT, m* =   9.7460+/-  0.0001 m_e, Curv. =  -1.2194E-02+/-  6.2868E-02 kT A^2, orbit (1=e,-1=h):  1.0+/- 0.0
  Orbit copies found:    68, RUC avg coords: (  0.5000+/-  0.0001,  0.5000+/-  0.0000,  0.2965+/-  0.0290)
 
 ANGLE    16 of    17    theta =   0.000000 degrees, phi =  75.000000 degrees
  Freq. =  17.6461+/-  0.0000 kT, m* =  12.8788+/-  0.0000 m_e, Curv. =   8.4389E-03+/-  2.1683E-02 kT A^2, orbit (1=e,-1=h):  1.0+/- 0.0
  Orbit copies found:    72, RUC avg coords: (  0.5000+/-  0.0002,  0.5000+/-  0.0000,  0.5895+/-  0.0489)
 
  Freq. =  17.6461+/-  0.0000 kT, m* =  12.8788+/-  0.0000 m_e, Curv. =   8.6228E-03+/-  2.1946E-02 kT A^2, orbit (1=e,-1=h):  1.0+/- 0.0
  Orbit copies found:   136, RUC avg coords: (  0.5000+/-  0.0002,  0.5000+/-  0.0000,  0.3914+/-  0.4086)
 
  Freq. =  17.6461+/-  0.0000 kT, m* =  12.8788+/-  0.0000 m_e, Curv. =   8.1005E-03+/-  2.2175E-02 kT A^2, orbit (1=e,-1=h):  1.0+/- 0.0
  Orbit copies found:    72, RUC avg coords: (  0.5000+/-  0.0002,  0.5000+/-  0.0000,  0.4322+/-  0.0432)
 
  Freq. =  17.6461+/-  0.0000 kT, m* =  12.8788+/-  0.0000 m_e, Curv. =   8.6279E-03+/-  2.0969E-02 kT A^2, orbit (1=e,-1=h):  1.0+/- 0.0
  Orbit copies found:    72, RUC avg coords: (  0.5000+/-  0.0002,  0.5000+/-  0.0000,  0.7607+/-  0.0466)
 
  Freq. =  17.6461+/-  0.0000 kT, m* =  12.8788+/-  0.0000 m_e, Curv. =   5.9219E-03+/-  2.0530E-02 kT A^2, orbit (1=e,-1=h):  1.0+/- 0.0
  Orbit copies found:    76, RUC avg coords: (  0.5000+/-  0.0002,  0.5000+/-  0.0000,  0.2725+/-  0.0468)
 
  Freq. =  17.6461+/-  0.0000 kT, m* =  12.8788+/-  0.0000 m_e, Curv. =   1.8109E-03+/-  2.0900E-02 kT A^2, orbit (1=e,-1=h):  1.0+/- 0.0
  Orbit copies found:    20, RUC avg coords: (  0.5001+/-  0.0002,  0.5000+/-  0.0000,  0.8548+/-  0.0123)
 
 ANGLE    17 of    17    theta =   0.000000 degrees, phi =  80.000000 degrees
  Freq. =  26.3013+/-  0.0000 kT, m* =  19.1951+/-  0.0003 m_e, Curv. =   6.1966E-03+/-  3.2758E-02 kT A^2, orbit (1=e,-1=h):  1.0+/- 0.0
  Orbit copies found:    28, RUC avg coords: (  0.5000+/-  0.0001,  0.5000+/-  0.0000,  0.1390+/-  0.0592)
 
  Freq. =  26.3013+/-  0.0000 kT, m* =  19.1951+/-  0.0003 m_e, Curv. =   1.1688E-03+/-  2.9817E-02 kT A^2, orbit (1=e,-1=h):  1.0+/- 0.0
  Orbit copies found:    24, RUC avg coords: (  0.5001+/-  0.0002,  0.5000+/-  0.0000,  0.6016+/-  0.4302)
 
  Freq. =  26.3013+/-  0.0000 kT, m* =  19.1951+/-  0.0003 m_e, Curv. =  -3.5085E-03+/-  2.9690E-02 kT A^2, orbit (1=e,-1=h):  1.0+/- 0.0
  Orbit copies found:    28, RUC avg coords: (  0.4999+/-  0.0002,  0.5000+/-  0.0000,  0.3444+/-  0.0624)
 
  Freq. =  26.3013+/-  0.0000 kT, m* =  19.1953+/-  0.0003 m_e, Curv. =  -8.3589E-03+/-  3.1903E-02 kT A^2, orbit (1=e,-1=h):  1.0+/- 0.0
  Orbit copies found:    20, RUC avg coords: (  0.5000+/-  0.0001,  0.5000+/-  0.0000,  0.6790+/-  0.0902)
 
  Freq. =  26.3013+/-  0.0000 kT, m* =  19.1955+/-  0.0000 m_e, Curv. =  -3.4827E-02+/-  1.0116E-09 kT A^2, orbit (1=e,-1=h):  1.0+/- 0.0
  Orbit copies found:     4, RUC avg coords: (  0.5001+/-  0.0000,  0.5000+/-  0.0000,  0.4682+/-  0.0000)
 
