Theta(deg),Phi(deg),Freq(kT),mstar(me),Curv(kTA2),Type(+e-h),NumOrbCopy
  0.000000,  0.000000,  4.566563E+00,  3.333370E+00, -1.684684E-11, 1.000,  746
  0.000000,  0.000000,  4.566563E+00,  3.333370E+00,  3.757270E-13, 1.000,  805
  0.000000,  0.000000,  4.566563E+00,  3.333370E+00,  2.728886E-11, 1.000,  498
  0.000000,  0.000000,  4.566563E+00,  3.333370E+00,  1.989462E-11, 1.000, 1546
  0.000000,  0.000000,  4.566563E+00,  3.333370E+00,  3.046597E-11, 1.000,  735
  0.000000,  0.000000,  4.566563E+00,  3.333370E+00, -4.925339E-11, 1.000,  789
  0.000000,  5.000000,  4.584027E+00,  3.346100E+00, -4.351310E-03, 1.000,  384
  0.000000,  5.000000,  4.584027E+00,  3.346100E+00, -5.263043E-03, 1.000,  392
  0.000000,  5.000000,  4.584027E+00,  3.346100E+00, -6.902271E-03, 1.000,  776
  0.000000,  5.000000,  4.584027E+00,  3.346100E+00, -7.395186E-03, 1.000,  408
  0.000000,  5.000000,  4.584027E+00,  3.346099E+00, -6.765864E-03, 1.000,  408
  0.000000,  5.000000,  4.584027E+00,  3.346099E+00, -7.874809E-03, 1.000,  176
  0.000000, 10.000000,  4.637042E+00,  3.384792E+00,  3.622598E-02, 1.000,  224
  0.000000, 10.000000,  4.637042E+00,  3.384792E+00,  3.587967E-02, 1.000,  976
  0.000000, 10.000000,  4.637042E+00,  3.384792E+00,  3.392783E-02, 1.000,  516
  0.000000, 10.000000,  4.637042E+00,  3.384791E+00,  3.493932E-02, 1.000,  496
  0.000000, 10.000000,  4.637042E+00,  3.384791E+00,  3.482107E-02, 1.000,  476
  0.000000, 10.000000,  4.637042E+00,  3.384791E+00,  3.372861E-02, 1.000,  516
  0.000000, 15.000000,  4.727713E+00,  3.450961E+00, -5.456794E-02, 1.000,  164
  0.000000, 15.000000,  4.727713E+00,  3.450961E+00, -5.428513E-02, 1.000,  516
  0.000000, 15.000000,  4.727713E+00,  3.450961E+00, -5.733519E-02, 1.000,  568
  0.000000, 15.000000,  4.727713E+00,  3.450961E+00, -5.995813E-02, 1.000,  508
  0.000000, 15.000000,  4.727713E+00,  3.450961E+00, -6.096292E-02, 1.000,  996
  0.000000, 15.000000,  4.727713E+00,  3.450961E+00, -6.379084E-02, 1.000,  560
  0.000000, 20.000000,  4.859727E+00,  3.547302E+00, -1.289238E-02, 1.000,  668
  0.000000, 20.000000,  4.859727E+00,  3.547302E+00, -1.404118E-02, 1.000, 1300
  0.000000, 20.000000,  4.859727E+00,  3.547302E+00, -1.505149E-02, 1.000,  680
  0.000000, 20.000000,  4.859728E+00,  3.547302E+00, -1.647725E-02, 1.000,  656
  0.000000, 20.000000,  4.859728E+00,  3.547302E+00, -1.766018E-02, 1.000,  724
  0.000000, 20.000000,  4.859728E+00,  3.547302E+00, -2.028433E-02, 1.000,  320
  0.000000, 25.000000,  5.038782E+00,  3.677974E+00,  1.139390E-03, 1.000,  952
  0.000000, 25.000000,  5.038782E+00,  3.677975E+00,  4.379808E-04, 1.000,  912
  0.000000, 25.000000,  5.038782E+00,  3.677975E+00,  3.742936E-04, 1.000,  780
  0.000000, 25.000000,  5.038782E+00,  3.677974E+00, -4.900155E-04, 1.000, 1608
  0.000000, 25.000000,  5.038782E+00,  3.677974E+00, -5.659774E-04, 1.000,  764
  0.000000, 25.000000,  5.038782E+00,  3.677974E+00, -4.844657E-03, 1.000,  336
  0.000000, 30.000000,  5.273206E+00,  3.849056E+00,  1.062257E-02, 1.000,  372
  0.000000, 30.000000,  5.273206E+00,  3.849056E+00,  6.003167E-03, 1.000,  636
  0.000000, 30.000000,  5.273206E+00,  3.849056E+00,  4.486173E-03, 1.000,  764
  0.000000, 30.000000,  5.273206E+00,  3.849056E+00,  2.597454E-03, 1.000,  672
  0.000000, 30.000000,  5.273206E+00,  3.849056E+00,  2.758567E-04, 1.000, 1452
  0.000000, 30.000000,  5.273206E+00,  3.849056E+00, -1.834430E-03, 1.000,  684
  0.000000, 35.000000,  5.575009E+00,  4.069310E+00, -3.777944E-02, 1.000,  484
  0.000000, 35.000000,  5.575009E+00,  4.069310E+00, -3.893034E-02, 1.000,  460
  0.000000, 35.000000,  5.575009E+00,  4.069311E+00, -4.028957E-02, 1.000,  476
  0.000000, 35.000000,  5.575009E+00,  4.069310E+00, -4.112472E-02, 1.000,  504
  0.000000, 35.000000,  5.575009E+00,  4.069310E+00, -4.580728E-02, 1.000,  932
  0.000000, 35.000000,  5.575009E+00,  4.069311E+00, -4.700246E-02, 1.000,  232
  0.000000, 40.000000,  5.961575E+00,  4.351422E+00, -4.638398E-02, 1.000,   28
  0.000000, 40.000000,  5.961576E+00,  4.351422E+00, -5.211041E-02, 1.000,  240
  0.000000, 40.000000,  5.961576E+00,  4.351422E+00, -5.187265E-02, 1.000,  300
  0.000000, 40.000000,  5.961576E+00,  4.351422E+00, -5.504516E-02, 1.000,  256
  0.000000, 40.000000,  5.961576E+00,  4.351423E+00, -5.841212E-02, 1.000,  460
  0.000000, 40.000000,  5.961576E+00,  4.351423E+00, -5.960191E-02, 1.000,  256
  0.000000, 45.000000,  6.458549E+00,  4.714120E+00,  9.574015E-12, 1.000,  451
  0.000000, 45.000000,  6.458549E+00,  4.714120E+00, -9.294671E-11, 1.000,   68
  0.000000, 45.000000,  6.458549E+00,  4.714119E+00,  1.479023E-11, 1.000,  409
  0.000000, 45.000000,  6.458549E+00,  4.714120E+00, -9.523211E-12, 1.000,  955
  0.000000, 45.000000,  6.458549E+00,  4.714120E+00, -1.363213E-11, 1.000,  482
  0.000000, 45.000000,  6.458549E+00,  4.714120E+00, -3.545227E-11, 1.000,  486
  0.000000, 50.000000,  7.104892E+00,  5.185828E+00, -5.789700E-04, 1.000,  412
  0.000000, 50.000000,  7.104892E+00,  5.185828E+00, -1.196400E-03, 1.000,  456
  0.000000, 50.000000,  7.104892E+00,  5.185828E+00, -1.256458E-03, 1.000,  932
  0.000000, 50.000000,  7.104892E+00,  5.185828E+00, -1.802488E-03, 1.000,  432
  0.000000, 50.000000,  7.104892E+00,  5.185828E+00, -1.741624E-03, 1.000,  416
  0.000000, 50.000000,  7.104893E+00,  5.185828E+00, -2.710215E-03, 1.000,  212
  0.000000, 55.000000,  7.962301E+00,  5.811572E+00,  8.716819E-03, 1.000,  128
  0.000000, 55.000000,  7.962301E+00,  5.811574E+00,  3.229969E-03, 1.000,  464
  0.000000, 55.000000,  7.962301E+00,  5.811574E+00,  2.648291E-03, 1.000,  440
  0.000000, 55.000000,  7.962301E+00,  5.811574E+00, -1.294951E-03, 1.000,  428
  0.000000, 55.000000,  7.962301E+00,  5.811574E+00, -2.899017E-03, 1.000,  860
  0.000000, 55.000000,  7.962301E+00,  5.811573E+00, -5.542677E-03, 1.000,  460
  0.000000, 60.000000,  9.134074E+00,  6.666746E+00, -2.354747E-02, 1.000,  220
  0.000000, 60.000000,  9.134074E+00,  6.666747E+00, -2.597299E-02, 1.000,  432
  0.000000, 60.000000,  9.134074E+00,  6.666748E+00, -2.661124E-02, 1.000,  240
  0.000000, 60.000000,  9.134074E+00,  6.666746E+00, -2.727955E-02, 1.000,  252
  0.000000, 60.000000,  9.134074E+00,  6.666747E+00, -2.764997E-02, 1.000,  212
  0.000000, 60.000000,  9.134074E+00,  6.666746E+00, -3.436768E-02, 1.000,   96
  0.000000, 65.000000,  1.080663E+01,  7.887359E+00,  4.522742E-03, 1.000,   32
  0.000000, 65.000000,  1.080663E+01,  7.887373E+00, -3.434108E-03, 1.000,  132
  0.000000, 65.000000,  1.080663E+01,  7.887378E+00, -7.132728E-03, 1.000,  184
  0.000000, 65.000000,  1.080663E+01,  7.887381E+00, -9.566975E-03, 1.000,  116
  0.000000, 65.000000,  1.080663E+01,  7.887383E+00, -1.202282E-02, 1.000,  128
  0.000000, 70.000000,  1.335336E+01,  9.746027E+00, -7.462946E-03, 1.000,  140
  0.000000, 70.000000,  1.335336E+01,  9.746029E+00, -8.797029E-03, 1.000,  144
  0.000000, 70.000000,  1.335336E+01,  9.746030E+00, -1.011086E-02, 1.000,  212
  0.000000, 70.000000,  1.335336E+01,  9.746029E+00, -9.984873E-03, 1.000,  148
  0.000000, 70.000000,  1.335336E+01,  9.746032E+00, -1.219406E-02, 1.000,   68
  0.000000, 75.000000,  1.764611E+01,  1.287884E+01,  8.438894E-03, 1.000,   72
  0.000000, 75.000000,  1.764611E+01,  1.287884E+01,  8.622835E-03, 1.000,  136
  0.000000, 75.000000,  1.764611E+01,  1.287884E+01,  8.100454E-03, 1.000,   72
  0.000000, 75.000000,  1.764611E+01,  1.287884E+01,  8.627854E-03, 1.000,   72
  0.000000, 75.000000,  1.764611E+01,  1.287883E+01,  5.921937E-03, 1.000,   76
  0.000000, 75.000000,  1.764611E+01,  1.287883E+01,  1.810905E-03, 1.000,   20
  0.000000, 80.000000,  2.630129E+01,  1.919507E+01,  6.196567E-03, 1.000,   28
  0.000000, 80.000000,  2.630129E+01,  1.919508E+01,  1.168764E-03, 1.000,   24
  0.000000, 80.000000,  2.630129E+01,  1.919514E+01, -3.508515E-03, 1.000,   28
  0.000000, 80.000000,  2.630129E+01,  1.919526E+01, -8.358921E-03, 1.000,   20
  0.000000, 80.000000,  2.630129E+01,  1.919554E+01, -3.482703E-02, 1.000,    4
