 Short results file generated by S.K.E.A.F. v1.3.0 r149 (Python port)
 
 XCrysDen FS filename: output/Fermi_surf_band_3.bxsf                     
 Fermi energy:     0.000000 Ryd 
 Original     nx =   33  ny =   33  nz =   33
 New      numint =  120
 H-vector direction: r   Number of auto rotated angles =    37
 Theta =   0.000000 to   0.000000 degrees;  Phi =   0.000000 to  90.000000 degrees 
 Minimum extremal FS freq.:   0.0000 kT 
 Maximum fractional diff. between orbit freqs. for averaging:   0.010
 Maximum distance (fraction of RUC side length) between orbit avg. coords. for averaging:   0.050
 Extremal orbits near super-cell walls are ALLOWED to be included in the output.
 
 
 Predicted dHvA frequencies: 
 
 ANGLE     1 of    37    theta =   0.000000 degrees, phi =   0.000000 degrees
  Freq. =   0.3821+/-  0.0004 kT, m* =   0.1982+/-  0.0014 m_e, Curv. =   1.6080E+01+/-  2.9402E+00 kT A^2, orbit (1=e,-1=h):  1.0+/- 0.0
  Orbit copies found:    10, RUC avg coords: (  0.4585+/-  0.0008,  0.0265+/-  0.0011,  0.0267+/-  0.0008)
 
  Freq. =   0.3822+/-  0.0004 kT, m* =   0.2021+/-  0.0036 m_e, Curv. =   1.3795E+01+/-  3.4714E+00 kT A^2, orbit (1=e,-1=h):  1.0+/- 0.0
  Orbit copies found:    28, RUC avg coords: (  0.5394+/-  0.0015,  0.9752+/-  0.0011,  0.9748+/-  0.0009)
 
  Freq. =   0.3822+/-  0.0007 kT, m* =   0.2220+/-  0.0086 m_e, Curv. =   3.4099E-01+/-  1.0499E+01 kT A^2, orbit (1=e,-1=h):  1.0+/- 0.0
  Orbit copies found:   261, RUC avg coords: (  0.5094+/-  0.0170,  0.6608+/-  0.4637,  0.6606+/-  0.4635)
 
  Freq. =   0.3824+/-  0.0007 kT, m* =   0.2190+/-  0.0106 m_e, Curv. =   3.2428E+00+/-  1.2651E+01 kT A^2, orbit (1=e,-1=h):  1.0+/- 0.0
  Orbit copies found:   101, RUC avg coords: (  0.4692+/-  0.0056,  0.0196+/-  0.0039,  0.0200+/-  0.0037)
 
  Freq. =   0.4096+/-  0.0006 kT, m* =   0.2381+/-  0.0006 m_e, Curv. =  -7.6809E+01+/-  1.8773E+00 kT A^2, orbit (1=e,-1=h):  1.0+/- 0.0
  Orbit copies found:    83, RUC avg coords: (  0.5060+/-  0.5024,  0.5060+/-  0.5025,  0.4997+/-  0.0061)
 
  Freq. =   0.4133+/-  0.0003 kT, m* =   0.1810+/-  0.0008 m_e, Curv. =  -4.1354E+01+/-  6.0947E+00 kT A^2, orbit (1=e,-1=h):  1.0+/- 0.0
  Orbit copies found:    73, RUC avg coords: (  0.4083+/-  0.0028,  0.0524+/-  0.0015,  0.0527+/-  0.0011)
 
  Freq. =   0.4133+/-  0.0004 kT, m* =   0.1809+/-  0.0009 m_e, Curv. =  -4.1542E+01+/-  6.2815E+00 kT A^2, orbit (1=e,-1=h):  1.0+/- 0.0
  Orbit copies found:    77, RUC avg coords: (  0.5917+/-  0.0029,  0.9476+/-  0.0014,  0.9473+/-  0.0011)
 
  Freq. =   0.9508+/-  0.0013 kT, m* =   0.3641+/-  0.0011 m_e, Curv. =  -1.9404E+02+/-  4.7057E+00 kT A^2, orbit (1=e,-1=h):  1.0+/- 0.0
  Orbit copies found:    74, RUC avg coords: (  0.5269+/-  0.5000,  0.5000+/-  0.0021,  0.5134+/-  0.5012)
 
 ANGLE     2 of    37    theta =   0.000000 degrees, phi =   2.500000 degrees
  Freq. =   0.3973+/-  0.0005 kT, m* =   0.2337+/-  0.0006 m_e, Curv. =  -5.8009E+01+/-  1.6788E+00 kT A^2, orbit (1=e,-1=h):  1.0+/- 0.0
  Orbit copies found:    84, RUC avg coords: (  0.5476+/-  0.5002,  0.5356+/-  0.5012,  0.5002+/-  0.0070)
 
  Freq. =   0.4055+/-  0.0004 kT, m* =   0.2114+/-  0.0044 m_e, Curv. =   2.7533E+01+/-  5.8802E+00 kT A^2, orbit (1=e,-1=h):  1.0+/- 0.0
  Orbit copies found:    51, RUC avg coords: (  0.5423+/-  0.0025,  0.9738+/-  0.0019,  0.9734+/-  0.0017)
 
  Freq. =   0.4055+/-  0.0004 kT, m* =   0.2108+/-  0.0042 m_e, Curv. =   2.7713E+01+/-  6.1079E+00 kT A^2, orbit (1=e,-1=h):  1.0+/- 0.0
  Orbit copies found:    42, RUC avg coords: (  0.4574+/-  0.0023,  0.0264+/-  0.0019,  0.0268+/-  0.0016)
 
  Freq. =   0.4064+/-  0.0014 kT, m* =   0.2332+/-  0.0077 m_e, Curv. =  -3.7349E+00+/-  1.7490E+01 kT A^2, orbit (1=e,-1=h):  1.0+/- 0.0
  Orbit copies found:   205, RUC avg coords: (  0.5117+/-  0.0180,  0.7003+/-  0.4479,  0.7000+/-  0.4475)
 
  Freq. =   0.4069+/-  0.0013 kT, m* =   0.2334+/-  0.0081 m_e, Curv. =  -5.7649E+00+/-  2.0419E+01 kT A^2, orbit (1=e,-1=h):  1.0+/- 0.0
  Orbit copies found:    84, RUC avg coords: (  0.4696+/-  0.0049,  0.0183+/-  0.0034,  0.0190+/-  0.0032)
 
  Freq. =   0.4324+/-  0.0004 kT, m* =   0.1917+/-  0.0016 m_e, Curv. =  -4.3687E+01+/-  6.0646E+00 kT A^2, orbit (1=e,-1=h):  1.0+/- 0.0
  Orbit copies found:    79, RUC avg coords: (  0.5884+/-  0.0031,  0.9484+/-  0.0015,  0.9481+/-  0.0012)
 
  Freq. =   0.4324+/-  0.0004 kT, m* =   0.1917+/-  0.0017 m_e, Curv. =  -4.3858E+01+/-  5.7378E+00 kT A^2, orbit (1=e,-1=h):  1.0+/- 0.0
  Orbit copies found:    72, RUC avg coords: (  0.4115+/-  0.0031,  0.0516+/-  0.0014,  0.0518+/-  0.0012)
 
  Freq. =   0.9653+/-  0.0020 kT, m* =   0.3910+/-  0.0011 m_e, Curv. =  -2.6164E+02+/-  3.5685E+00 kT A^2, orbit (1=e,-1=h):  1.0+/- 0.0
  Orbit copies found:    75, RUC avg coords: (  0.4934+/-  0.5014,  0.5003+/-  0.0028,  0.5201+/-  0.5018)
 
 ANGLE     3 of    37    theta =   0.000000 degrees, phi =   5.000000 degrees
  Freq. =   0.3846+/-  0.0002 kT, m* =   0.2270+/-  0.0004 m_e, Curv. =  -3.4213E+01+/-  9.1236E-01 kT A^2, orbit (1=e,-1=h):  1.0+/- 0.0
  Orbit copies found:    82, RUC avg coords: (  0.4756+/-  0.5019,  0.5000+/-  0.5027,  0.4993+/-  0.0065)
 
  Freq. =   0.4325+/-  0.0003 kT, m* =   0.2296+/-  0.0039 m_e, Curv. =   4.5508E+01+/-  1.5422E+01 kT A^2, orbit (1=e,-1=h):  1.0+/- 0.0
  Orbit copies found:    71, RUC avg coords: (  0.4562+/-  0.0039,  0.0265+/-  0.0028,  0.0271+/-  0.0026)
 
  Freq. =   0.4325+/-  0.0004 kT, m* =   0.2295+/-  0.0042 m_e, Curv. =   4.5346E+01+/-  1.4733E+01 kT A^2, orbit (1=e,-1=h):  1.0+/- 0.0
  Orbit copies found:    78, RUC avg coords: (  0.5437+/-  0.0041,  0.9736+/-  0.0030,  0.9730+/-  0.0027)
 
  Freq. =   0.4346+/-  0.0019 kT, m* =   0.2485+/-  0.0038 m_e, Curv. =  -8.0186E+00+/-  2.4485E+01 kT A^2, orbit (1=e,-1=h):  1.0+/- 0.0
  Orbit copies found:   232, RUC avg coords: (  0.4999+/-  0.0184,  0.4957+/-  0.4915,  0.5000+/-  0.4911)
 
  Freq. =   0.4546+/-  0.0004 kT, m* =   0.2055+/-  0.0030 m_e, Curv. =  -4.5610E+01+/-  7.2133E+00 kT A^2, orbit (1=e,-1=h):  1.0+/- 0.0
  Orbit copies found:    76, RUC avg coords: (  0.5848+/-  0.0034,  0.9492+/-  0.0015,  0.9492+/-  0.0012)
 
  Freq. =   0.4546+/-  0.0004 kT, m* =   0.2041+/-  0.0023 m_e, Curv. =  -4.8091E+01+/-  6.9008E+00 kT A^2, orbit (1=e,-1=h):  1.0+/- 0.0
  Orbit copies found:    72, RUC avg coords: (  0.4137+/-  0.0030,  0.0508+/-  0.0013,  0.0511+/-  0.0011)
 
  Freq. =   0.9425+/-  0.0019 kT, m* =   0.4259+/-  0.0010 m_e, Curv. =  -2.9755E+02+/-  4.9176E+00 kT A^2, orbit (1=e,-1=h):  1.0+/- 0.0
  Orbit copies found:    75, RUC avg coords: (  0.5068+/-  0.5012,  0.5004+/-  0.0023,  0.5067+/-  0.5021)
 
 ANGLE     4 of    37    theta =   0.000000 degrees, phi =   7.500000 degrees
  Freq. =   0.3721+/-  0.0001 kT, m* =   0.2188+/-  0.0004 m_e, Curv. =  -9.1391E+00+/-  6.6269E-01 kT A^2, orbit (1=e,-1=h):  1.0+/- 0.0
  Orbit copies found:    81, RUC avg coords: (  0.5309+/-  0.5018,  0.4692+/-  0.5018,  0.4991+/-  0.0072)
 
  Freq. =   0.4649+/-  0.0007 kT, m* =   0.2583+/-  0.0098 m_e, Curv. =   5.2668E+01+/-  1.6701E+01 kT A^2, orbit (1=e,-1=h):  1.0+/- 0.0
  Orbit copies found:    71, RUC avg coords: (  0.4571+/-  0.0047,  0.0256+/-  0.0044,  0.0264+/-  0.0039)
 
  Freq. =   0.4653+/-  0.0014 kT, m* =   0.2587+/-  0.0078 m_e, Curv. =   4.3447E+01+/-  2.9932E+01 kT A^2, orbit (1=e,-1=h):  1.0+/- 0.0
  Orbit copies found:    87, RUC avg coords: (  0.5413+/-  0.0061,  0.9753+/-  0.0046,  0.9745+/-  0.0044)
 
  Freq. =   0.4672+/-  0.0021 kT, m* =   0.2636+/-  0.0038 m_e, Curv. =  -7.3963E+00+/-  2.8432E+01 kT A^2, orbit (1=e,-1=h):  1.0+/- 0.0
  Orbit copies found:   225, RUC avg coords: (  0.4988+/-  0.0184,  0.4985+/-  0.4916,  0.4985+/-  0.4911)
 
  Freq. =   0.4810+/-  0.0003 kT, m* =   0.2243+/-  0.0048 m_e, Curv. =  -4.4469E+01+/-  6.1008E+00 kT A^2, orbit (1=e,-1=h):  1.0+/- 0.0
  Orbit copies found:    72, RUC avg coords: (  0.4203+/-  0.0036,  0.0489+/-  0.0017,  0.0488+/-  0.0015)
 
  Freq. =   0.4811+/-  0.0004 kT, m* =   0.2255+/-  0.0059 m_e, Curv. =  -4.5652E+01+/-  6.2869E+00 kT A^2, orbit (1=e,-1=h):  1.0+/- 0.0
  Orbit copies found:    78, RUC avg coords: (  0.5794+/-  0.0038,  0.9515+/-  0.0020,  0.9515+/-  0.0018)
 
  Freq. =   0.8754+/-  0.0020 kT, m* =   0.4549+/-  0.0012 m_e, Curv. =  -2.6749E+02+/-  8.4846E+00 kT A^2, orbit (1=e,-1=h):  1.0+/- 0.0
  Orbit copies found:    77, RUC avg coords: (  0.5323+/-  0.5006,  0.5000+/-  0.0038,  0.5453+/-  0.4999)
 
 ANGLE     5 of    37    theta =   0.000000 degrees, phi =  10.000000 degrees
  Freq. =   0.3624+/-  0.0017 kT, m* =   0.2029+/-  0.0060 m_e, Curv. =  -9.5178E+00+/-  1.7962E+01 kT A^2, orbit (1=e,-1=h):  1.0+/- 0.0
  Orbit copies found:   125, RUC avg coords: (  0.2412+/-  0.4277,  0.1538+/-  0.3595,  0.4704+/-  0.0185)
 
  Freq. =   0.3626+/-  0.0016 kT, m* =   0.2025+/-  0.0056 m_e, Curv. =  -1.1029E+01+/-  1.6919E+01 kT A^2, orbit (1=e,-1=h):  1.0+/- 0.0
  Orbit copies found:   114, RUC avg coords: (  0.8408+/-  0.3654,  0.9104+/-  0.2834,  0.5315+/-  0.0172)
 
  Freq. =   0.5053+/-  0.0013 kT, m* =   0.2836+/-  0.0158 m_e, Curv. =   1.7686E+01+/-  3.0606E+01 kT A^2, orbit (1=e,-1=h):  1.0+/- 0.0
  Orbit copies found:   117, RUC avg coords: (  0.5349+/-  0.0074,  0.9801+/-  0.0052,  0.9789+/-  0.0050)
 
  Freq. =   0.5055+/-  0.0015 kT, m* =   0.2843+/-  0.0114 m_e, Curv. =   6.2775E+00+/-  2.7934E+01 kT A^2, orbit (1=e,-1=h):  1.0+/- 0.0
  Orbit copies found:   268, RUC avg coords: (  0.4860+/-  0.0211,  0.3066+/-  0.4483,  0.3070+/-  0.4478)
 
  Freq. =   0.5139+/-  0.0005 kT, m* =   0.2550+/-  0.0069 m_e, Curv. =  -4.7452E+01+/-  6.2208E+00 kT A^2, orbit (1=e,-1=h):  1.0+/- 0.0
  Orbit copies found:    72, RUC avg coords: (  0.4284+/-  0.0043,  0.0442+/-  0.0021,  0.0445+/-  0.0020)
 
  Freq. =   0.5140+/-  0.0005 kT, m* =   0.2551+/-  0.0070 m_e, Curv. =  -4.7888E+01+/-  5.3940E+00 kT A^2, orbit (1=e,-1=h):  1.0+/- 0.0
  Orbit copies found:    79, RUC avg coords: (  0.5715+/-  0.0040,  0.9557+/-  0.0023,  0.9554+/-  0.0021)
 
  Freq. =   0.7734+/-  0.0022 kT, m* =   0.4781+/-  0.0314 m_e, Curv. =  -8.0463E+01+/-  1.4115E+01 kT A^2, orbit (1=e,-1=h):  1.0+/- 0.0
  Orbit copies found:    71, RUC avg coords: (  0.4648+/-  0.4975,  0.5002+/-  0.0079,  0.4788+/-  0.4985)
 
 ANGLE     6 of    37    theta =   0.000000 degrees, phi =  12.500000 degrees
  Freq. =   0.3495+/-  0.0003 kT, m* =   0.2018+/-  0.0001 m_e, Curv. =   3.2463E+01+/-  1.3542E+00 kT A^2, orbit (1=e,-1=h):  1.0+/- 0.0
  Orbit copies found:    26, RUC avg coords: (  0.5769+/-  0.5034,  0.4231+/-  0.5033,  0.4945+/-  0.0022)
 
  Freq. =   0.3495+/-  0.0003 kT, m* =   0.2018+/-  0.0001 m_e, Curv. =   3.2385E+01+/-  1.4989E+00 kT A^2, orbit (1=e,-1=h):  1.0+/- 0.0
  Orbit copies found:    46, RUC avg coords: (  0.5218+/-  0.5045,  0.4783+/-  0.5044,  0.5049+/-  0.0040)
 
  Freq. =   0.3499+/-  0.0001 kT, m* =   0.2017+/-  0.0001 m_e, Curv. =   3.0422E+01+/-  6.6418E-01 kT A^2, orbit (1=e,-1=h):  1.0+/- 0.0
  Orbit copies found:     8, RUC avg coords: (  0.9994+/-  0.0002,  0.8746+/-  0.3532,  0.4890+/-  0.0011)
 
  Freq. =   0.3620+/-  0.0003 kT, m* =   0.1913+/-  0.0026 m_e, Curv. =  -3.5386E+01+/-  2.3482E+00 kT A^2, orbit (1=e,-1=h):  1.0+/- 0.0
  Orbit copies found:    80, RUC avg coords: (  0.0043+/-  0.0013,  0.0049+/-  0.0014,  0.4476+/-  0.0036)
 
  Freq. =   0.3620+/-  0.0003 kT, m* =   0.1913+/-  0.0025 m_e, Curv. =  -3.5353E+01+/-  2.4457E+00 kT A^2, orbit (1=e,-1=h):  1.0+/- 0.0
  Orbit copies found:    79, RUC avg coords: (  0.9958+/-  0.0013,  0.9952+/-  0.0015,  0.5524+/-  0.0034)
 
  Freq. =   0.5528+/-  0.0018 kT, m* =   0.3091+/-  0.0125 m_e, Curv. =  -3.7525E-01+/-  2.0289E+01 kT A^2, orbit (1=e,-1=h):  1.0+/- 0.0
  Orbit copies found:   176, RUC avg coords: (  0.4745+/-  0.0204,  0.1290+/-  0.3121,  0.1353+/-  0.3185)
 
  Freq. =   0.5536+/-  0.0021 kT, m* =   0.3028+/-  0.0134 m_e, Curv. =  -8.9686E+00+/-  2.5786E+01 kT A^2, orbit (1=e,-1=h):  1.0+/- 0.0
  Orbit copies found:   176, RUC avg coords: (  0.5403+/-  0.0178,  0.9756+/-  0.0117,  0.9747+/-  0.0116)
 
  Freq. =   0.5560+/-  0.0004 kT, m* =   0.2900+/-  0.0058 m_e, Curv. =  -4.1256E+01+/-  8.2168E+00 kT A^2, orbit (1=e,-1=h):  1.0+/- 0.0
  Orbit copies found:    29, RUC avg coords: (  0.4367+/-  0.0024,  0.0392+/-  0.0015,  0.0400+/-  0.0014)
 
  Freq. =   0.6807+/-  0.0008 kT, m* =   0.3915+/-  0.0068 m_e, Curv. =  -6.8037E+01+/-  2.5897E+00 kT A^2, orbit (1=e,-1=h):  1.0+/- 0.0
  Orbit copies found:    20, RUC avg coords: (  0.0217+/-  0.0014,  0.4667+/-  0.0017,  0.0218+/-  0.0015)
 
  Freq. =   0.6809+/-  0.0016 kT, m* =   0.3950+/-  0.0249 m_e, Curv. =  -2.2423E+01+/-  3.6305E+01 kT A^2, orbit (1=e,-1=h):  1.0+/- 0.0
  Orbit copies found:   200, RUC avg coords: (  0.5229+/-  0.4894,  0.5030+/-  0.0201,  0.5279+/-  0.4888)
 
 ANGLE     7 of    37    theta =   0.000000 degrees, phi =  15.000000 degrees
  Freq. =   0.3402+/-  0.0004 kT, m* =   0.1941+/-  0.0001 m_e, Curv. =   4.6371E+01+/-  1.5869E+00 kT A^2, orbit (1=e,-1=h):  1.0+/- 0.0
  Orbit copies found:    82, RUC avg coords: (  0.4513+/-  0.5002,  0.4635+/-  0.5013,  0.5011+/-  0.0063)
 
  Freq. =   0.3629+/-  0.0004 kT, m* =   0.1902+/-  0.0012 m_e, Curv. =  -4.2790E+01+/-  1.7228E+00 kT A^2, orbit (1=e,-1=h):  1.0+/- 0.0
  Orbit copies found:    37, RUC avg coords: (  0.0050+/-  0.0010,  0.0056+/-  0.0013,  0.4460+/-  0.0016)
 
  Freq. =   0.3630+/-  0.0004 kT, m* =   0.1884+/-  0.0022 m_e, Curv. =  -4.3728E+01+/-  1.5448E+00 kT A^2, orbit (1=e,-1=h):  1.0+/- 0.0
  Orbit copies found:    82, RUC avg coords: (  0.9940+/-  0.0014,  0.9935+/-  0.0015,  0.5567+/-  0.0031)
 
  Freq. =   0.3631+/-  0.0003 kT, m* =   0.1870+/-  0.0015 m_e, Curv. =  -4.4454E+01+/-  1.0737E+00 kT A^2, orbit (1=e,-1=h):  1.0+/- 0.0
  Orbit copies found:    42, RUC avg coords: (  0.0067+/-  0.0011,  0.0071+/-  0.0013,  0.4411+/-  0.0016)
 
  Freq. =   0.6099+/-  0.0023 kT, m* =   0.3435+/-  0.0126 m_e, Curv. =  -1.4644E+01+/-  4.1172E+01 kT A^2, orbit (1=e,-1=h):  1.0+/- 0.0
  Orbit copies found:   222, RUC avg coords: (  0.8236+/-  0.3625,  0.5236+/-  0.0194,  0.8457+/-  0.3408)
 
  Freq. =   0.6099+/-  0.0023 kT, m* =   0.3377+/-  0.0098 m_e, Curv. =  -1.4024E+01+/-  4.0708E+01 kT A^2, orbit (1=e,-1=h):  1.0+/- 0.0
  Orbit copies found:   232, RUC avg coords: (  0.5229+/-  0.0192,  0.8142+/-  0.3717,  0.8521+/-  0.3346)
 
  Freq. =   0.6099+/-  0.0027 kT, m* =   0.3425+/-  0.0134 m_e, Curv. =  -1.3999E+01+/-  5.0249E+01 kT A^2, orbit (1=e,-1=h):  1.0+/- 0.0
  Orbit copies found:   152, RUC avg coords: (  0.0211+/-  0.0087,  0.4649+/-  0.0137,  0.0217+/-  0.0087)
 
  Freq. =   0.6100+/-  0.0028 kT, m* =   0.3364+/-  0.0115 m_e, Curv. =  -1.4600E+01+/-  5.0561E+01 kT A^2, orbit (1=e,-1=h):  1.0+/- 0.0
  Orbit copies found:   139, RUC avg coords: (  0.4657+/-  0.0139,  0.0202+/-  0.0089,  0.0214+/-  0.0090)
 
 ANGLE     8 of    37    theta =   0.000000 degrees, phi =  17.500000 degrees
  Freq. =   0.3325+/-  0.0004 kT, m* =   0.1873+/-  0.0001 m_e, Curv. =   5.6362E+01+/-  1.7604E+00 kT A^2, orbit (1=e,-1=h):  1.0+/- 0.0
  Orbit copies found:    81, RUC avg coords: (  0.5679+/-  0.4980,  0.5062+/-  0.5027,  0.4999+/-  0.0063)
 
  Freq. =   0.3656+/-  0.0004 kT, m* =   0.1861+/-  0.0012 m_e, Curv. =  -4.9522E+01+/-  1.5928E+00 kT A^2, orbit (1=e,-1=h):  1.0+/- 0.0
  Orbit copies found:    27, RUC avg coords: (  0.0084+/-  0.0011,  0.0088+/-  0.0014,  0.4369+/-  0.0010)
 
  Freq. =   0.3656+/-  0.0004 kT, m* =   0.1876+/-  0.0017 m_e, Curv. =  -4.9982E+01+/-  1.4461E+00 kT A^2, orbit (1=e,-1=h):  1.0+/- 0.0
  Orbit copies found:    82, RUC avg coords: (  0.9925+/-  0.0014,  0.9920+/-  0.0016,  0.5600+/-  0.0030)
 
  Freq. =   0.3657+/-  0.0004 kT, m* =   0.1886+/-  0.0012 m_e, Curv. =  -5.0390E+01+/-  1.0815E+00 kT A^2, orbit (1=e,-1=h):  1.0+/- 0.0
  Orbit copies found:    53, RUC avg coords: (  0.0067+/-  0.0013,  0.0072+/-  0.0015,  0.4415+/-  0.0018)
 
  Freq. =   0.5504+/-  0.0022 kT, m* =   0.3130+/-  0.0112 m_e, Curv. =   7.9152E+00+/-  2.7065E+01 kT A^2, orbit (1=e,-1=h):  1.0+/- 0.0
  Orbit copies found:   129, RUC avg coords: (  0.5784+/-  0.4873,  0.5050+/-  0.0150,  0.5938+/-  0.4847)
 
  Freq. =   0.5522+/-  0.0006 kT, m* =   0.3117+/-  0.0138 m_e, Curv. =   3.7528E+01+/-  2.6062E+01 kT A^2, orbit (1=e,-1=h):  1.0+/- 0.0
  Orbit copies found:    56, RUC avg coords: (  0.9775+/-  0.0040,  0.5394+/-  0.0056,  0.9772+/-  0.0038)
 
  Freq. =   0.5525+/-  0.0006 kT, m* =   0.3108+/-  0.0172 m_e, Curv. =   1.8976E+01+/-  3.6382E+01 kT A^2, orbit (1=e,-1=h):  1.0+/- 0.0
  Orbit copies found:    82, RUC avg coords: (  0.0206+/-  0.0051,  0.4644+/-  0.0082,  0.0209+/-  0.0050)
 
  Freq. =   0.5659+/-  0.0006 kT, m* =   0.2788+/-  0.0080 m_e, Curv. =  -6.9451E+01+/-  1.0528E+01 kT A^2, orbit (1=e,-1=h):  1.0+/- 0.0
  Orbit copies found:    76, RUC avg coords: (  0.9549+/-  0.0019,  0.5758+/-  0.0043,  0.9559+/-  0.0018)
 
  Freq. =   0.5659+/-  0.0006 kT, m* =   0.2804+/-  0.0081 m_e, Curv. =  -6.7772E+01+/-  1.0445E+01 kT A^2, orbit (1=e,-1=h):  1.0+/- 0.0
  Orbit copies found:    82, RUC avg coords: (  0.0446+/-  0.0020,  0.4251+/-  0.0044,  0.0437+/-  0.0019)
 
  Freq. =   0.6799+/-  0.0020 kT, m* =   0.3784+/-  0.0166 m_e, Curv. =  -2.2028E+01+/-  5.5213E+01 kT A^2, orbit (1=e,-1=h):  1.0+/- 0.0
  Orbit copies found:   146, RUC avg coords: (  0.5296+/-  0.0124,  0.9823+/-  0.0084,  0.9812+/-  0.0085)
 
  Freq. =   0.6800+/-  0.0016 kT, m* =   0.3739+/-  0.0157 m_e, Curv. =  -2.0469E+01+/-  4.4703E+01 kT A^2, orbit (1=e,-1=h):  1.0+/- 0.0
  Orbit copies found:   189, RUC avg coords: (  0.4796+/-  0.0171,  0.1497+/-  0.3399,  0.1505+/-  0.3394)
 
 ANGLE     9 of    37    theta =   0.000000 degrees, phi =  20.000000 degrees
  Freq. =   0.3261+/-  0.0005 kT, m* =   0.1817+/-  0.0001 m_e, Curv. =   6.3473E+01+/-  1.8569E+00 kT A^2, orbit (1=e,-1=h):  1.0+/- 0.0
  Orbit copies found:    75, RUC avg coords: (  0.4667+/-  0.5015,  0.4133+/-  0.4952,  0.5007+/-  0.0064)
 
  Freq. =   0.3270+/-  0.0000 kT, m* =   0.1819+/-  0.0000 m_e, Curv. =   6.0965E+01+/-  0.0000E+00 kT A^2, orbit (1=e,-1=h):  1.0+/- 0.0
  Orbit copies found:     1, RUC avg coords: (  0.0015+/-  0.0000,  0.0012+/-  0.0000,  0.5138+/-  0.0000)
 
  Freq. =   0.3271+/-  0.0001 kT, m* =   0.1819+/-  0.0001 m_e, Curv. =   6.0231E+01+/-  3.2230E-01 kT A^2, orbit (1=e,-1=h):  1.0+/- 0.0
  Orbit copies found:     2, RUC avg coords: (  0.9989+/-  0.0000,  0.9995+/-  0.0000,  0.4880+/-  0.0004)
 
  Freq. =   0.3694+/-  0.0004 kT, m* =   0.1882+/-  0.0013 m_e, Curv. =  -5.4716E+01+/-  1.4660E+00 kT A^2, orbit (1=e,-1=h):  1.0+/- 0.0
  Orbit copies found:    79, RUC avg coords: (  0.0091+/-  0.0017,  0.0094+/-  0.0018,  0.4376+/-  0.0024)
 
  Freq. =   0.3695+/-  0.0004 kT, m* =   0.1881+/-  0.0012 m_e, Curv. =  -5.4721E+01+/-  1.4894E+00 kT A^2, orbit (1=e,-1=h):  1.0+/- 0.0
  Orbit copies found:    80, RUC avg coords: (  0.9908+/-  0.0016,  0.9905+/-  0.0016,  0.5624+/-  0.0025)
 
  Freq. =   0.5004+/-  0.0002 kT, m* =   0.2775+/-  0.0032 m_e, Curv. =   2.0312E+01+/-  2.6714E+00 kT A^2, orbit (1=e,-1=h):  1.0+/- 0.0
  Orbit copies found:    75, RUC avg coords: (  0.5066+/-  0.5010,  0.5001+/-  0.0045,  0.5332+/-  0.4997)
 
  Freq. =   0.5438+/-  0.0008 kT, m* =   0.2482+/-  0.0027 m_e, Curv. =  -9.9133E+01+/-  1.3409E+01 kT A^2, orbit (1=e,-1=h):  1.0+/- 0.0
  Orbit copies found:    79, RUC avg coords: (  0.9497+/-  0.0013,  0.5905+/-  0.0037,  0.9513+/-  0.0016)
 
  Freq. =   0.5439+/-  0.0007 kT, m* =   0.2486+/-  0.0028 m_e, Curv. =  -9.6977E+01+/-  1.3621E+01 kT A^2, orbit (1=e,-1=h):  1.0+/- 0.0
  Orbit copies found:    83, RUC avg coords: (  0.0502+/-  0.0013,  0.4102+/-  0.0037,  0.0486+/-  0.0016)
 
  Freq. =   0.7691+/-  0.0024 kT, m* =   0.4249+/-  0.0243 m_e, Curv. =  -1.9723E+01+/-  5.9236E+01 kT A^2, orbit (1=e,-1=h):  1.0+/- 0.0
  Orbit copies found:   158, RUC avg coords: (  0.5095+/-  0.0162,  0.6396+/-  0.4716,  0.6456+/-  0.4692)
 
  Freq. =   0.7713+/-  0.0014 kT, m* =   0.4368+/-  0.0079 m_e, Curv. =  -8.3755E+01+/-  1.3760E+01 kT A^2, orbit (1=e,-1=h):  1.0+/- 0.0
  Orbit copies found:    49, RUC avg coords: (  0.4731+/-  0.0045,  0.0164+/-  0.0026,  0.0175+/-  0.0028)
 
 ANGLE    10 of    37    theta =   0.000000 degrees, phi =  22.500000 degrees
  Freq. =   0.3212+/-  0.0005 kT, m* =   0.1772+/-  0.0002 m_e, Curv. =   6.7946E+01+/-  2.2293E+00 kT A^2, orbit (1=e,-1=h):  1.0+/- 0.0
  Orbit copies found:    76, RUC avg coords: (  0.5132+/-  0.5026,  0.4737+/-  0.5019,  0.5001+/-  0.0059)
 
  Freq. =   0.3220+/-  0.0000 kT, m* =   0.1775+/-  0.0000 m_e, Curv. =   6.5700E+01+/-  0.0000E+00 kT A^2, orbit (1=e,-1=h):  1.0+/- 0.0
  Orbit copies found:     1, RUC avg coords: (  0.0009+/-  0.0000,  0.0009+/-  0.0000,  0.5114+/-  0.0000)
 
  Freq. =   0.3744+/-  0.0004 kT, m* =   0.1900+/-  0.0008 m_e, Curv. =  -5.9978E+01+/-  1.0880E+00 kT A^2, orbit (1=e,-1=h):  1.0+/- 0.0
  Orbit copies found:    78, RUC avg coords: (  0.0104+/-  0.0018,  0.0106+/-  0.0019,  0.4357+/-  0.0022)
 
  Freq. =   0.3744+/-  0.0004 kT, m* =   0.1899+/-  0.0008 m_e, Curv. =  -6.0220E+01+/-  9.1457E-01 kT A^2, orbit (1=e,-1=h):  1.0+/- 0.0
  Orbit copies found:    78, RUC avg coords: (  0.9892+/-  0.0017,  0.9890+/-  0.0017,  0.5641+/-  0.0025)
 
  Freq. =   0.4609+/-  0.0006 kT, m* =   0.2664+/-  0.0067 m_e, Curv. =   1.7081E+01+/-  2.2944E+01 kT A^2, orbit (1=e,-1=h):  1.0+/- 0.0
  Orbit copies found:   227, RUC avg coords: (  0.4980+/-  0.4936,  0.4997+/-  0.0148,  0.5023+/-  0.4934)
 
  Freq. =   0.5294+/-  0.0009 kT, m* =   0.2402+/-  0.0008 m_e, Curv. =  -1.1339E+02+/-  1.6323E+01 kT A^2, orbit (1=e,-1=h):  1.0+/- 0.0
  Orbit copies found:    75, RUC avg coords: (  0.9486+/-  0.0011,  0.5976+/-  0.0036,  0.9503+/-  0.0014)
 
  Freq. =   0.5295+/-  0.0008 kT, m* =   0.2401+/-  0.0006 m_e, Curv. =  -1.1344E+02+/-  1.5690E+01 kT A^2, orbit (1=e,-1=h):  1.0+/- 0.0
  Orbit copies found:    82, RUC avg coords: (  0.0513+/-  0.0011,  0.4023+/-  0.0035,  0.0496+/-  0.0014)
 
  Freq. =   0.8851+/-  0.0019 kT, m* =   0.4834+/-  0.0342 m_e, Curv. =  -1.1114E+02+/-  7.3429E+01 kT A^2, orbit (1=e,-1=h):  1.0+/- 0.0
  Orbit copies found:    97, RUC avg coords: (  0.5009+/-  0.0192,  0.5146+/-  0.4905,  0.5147+/-  0.4898)
 
 ANGLE    11 of    37    theta =   0.000000 degrees, phi =  25.000000 degrees
  Freq. =   0.3178+/-  0.0006 kT, m* =   0.1737+/-  0.0002 m_e, Curv. =   7.1072E+01+/-  1.9533E+00 kT A^2, orbit (1=e,-1=h):  1.0+/- 0.0
  Orbit copies found:    76, RUC avg coords: (  0.4869+/-  0.5026,  0.5132+/-  0.5025,  0.4999+/-  0.0056)
 
  Freq. =   0.3801+/-  0.0005 kT, m* =   0.1924+/-  0.0004 m_e, Curv. =  -6.5564E+01+/-  1.4309E+00 kT A^2, orbit (1=e,-1=h):  1.0+/- 0.0
  Orbit copies found:    79, RUC avg coords: (  0.9880+/-  0.0015,  0.9880+/-  0.0018,  0.5659+/-  0.0028)
 
  Freq. =   0.3801+/-  0.0005 kT, m* =   0.1924+/-  0.0003 m_e, Curv. =  -6.5544E+01+/-  1.4809E+00 kT A^2, orbit (1=e,-1=h):  1.0+/- 0.0
  Orbit copies found:    76, RUC avg coords: (  0.0120+/-  0.0014,  0.0120+/-  0.0017,  0.4343+/-  0.0029)
 
  Freq. =   0.4262+/-  0.0007 kT, m* =   0.2465+/-  0.0048 m_e, Curv. =   1.5957E+01+/-  2.4213E+01 kT A^2, orbit (1=e,-1=h):  1.0+/- 0.0
  Orbit copies found:   231, RUC avg coords: (  0.4934+/-  0.4933,  0.5002+/-  0.0136,  0.4978+/-  0.4935)
 
  Freq. =   0.5168+/-  0.0009 kT, m* =   0.2385+/-  0.0016 m_e, Curv. =  -1.2280E+02+/-  1.6763E+01 kT A^2, orbit (1=e,-1=h):  1.0+/- 0.0
  Orbit copies found:    78, RUC avg coords: (  0.9487+/-  0.0011,  0.6027+/-  0.0034,  0.9500+/-  0.0016)
 
  Freq. =   0.5169+/-  0.0009 kT, m* =   0.2385+/-  0.0015 m_e, Curv. =  -1.2366E+02+/-  1.6865E+01 kT A^2, orbit (1=e,-1=h):  1.0+/- 0.0
  Orbit copies found:    81, RUC avg coords: (  0.0514+/-  0.0011,  0.3971+/-  0.0034,  0.0500+/-  0.0016)
 
  Freq. =   1.0423+/-  0.0029 kT, m* =   0.5790+/-  0.0089 m_e, Curv. =  -3.0642E+02+/-  1.9968E+01 kT A^2, orbit (1=e,-1=h):  1.0+/- 0.0
  Orbit copies found:    66, RUC avg coords: (  0.4999+/-  0.0054,  0.4395+/-  0.4985,  0.5001+/-  0.5017)
 
 ANGLE    12 of    37    theta =   0.000000 degrees, phi =  27.500000 degrees
  Freq. =   0.3156+/-  0.0005 kT, m* =   0.1713+/-  0.0002 m_e, Curv. =   7.3067E+01+/-  1.5704E+00 kT A^2, orbit (1=e,-1=h):  1.0+/- 0.0
  Orbit copies found:    79, RUC avg coords: (  0.4431+/-  0.4994,  0.5190+/-  0.5024,  0.4998+/-  0.0049)
 
  Freq. =   0.3868+/-  0.0005 kT, m* =   0.1953+/-  0.0002 m_e, Curv. =  -7.1298E+01+/-  1.8884E+00 kT A^2, orbit (1=e,-1=h):  1.0+/- 0.0
  Orbit copies found:    79, RUC avg coords: (  0.0135+/-  0.0015,  0.0136+/-  0.0017,  0.4322+/-  0.0023)
 
  Freq. =   0.3868+/-  0.0005 kT, m* =   0.1953+/-  0.0002 m_e, Curv. =  -7.1037E+01+/-  1.8375E+00 kT A^2, orbit (1=e,-1=h):  1.0+/- 0.0
  Orbit copies found:    79, RUC avg coords: (  0.9868+/-  0.0014,  0.9869+/-  0.0016,  0.5672+/-  0.0024)
 
  Freq. =   0.3953+/-  0.0001 kT, m* =   0.2397+/-  0.0044 m_e, Curv. =   1.4253E+01+/-  7.3946E+00 kT A^2, orbit (1=e,-1=h):  1.0+/- 0.0
  Orbit copies found:    77, RUC avg coords: (  0.4162+/-  0.4916,  0.4994+/-  0.0065,  0.4291+/-  0.4938)
 
  Freq. =   0.5039+/-  0.0009 kT, m* =   0.2398+/-  0.0021 m_e, Curv. =  -1.2585E+02+/-  1.8824E+01 kT A^2, orbit (1=e,-1=h):  1.0+/- 0.0
  Orbit copies found:    82, RUC avg coords: (  0.0507+/-  0.0014,  0.3943+/-  0.0036,  0.0496+/-  0.0018)
 
  Freq. =   0.5040+/-  0.0009 kT, m* =   0.2395+/-  0.0018 m_e, Curv. =  -1.2317E+02+/-  1.7826E+01 kT A^2, orbit (1=e,-1=h):  1.0+/- 0.0
  Orbit copies found:    77, RUC avg coords: (  0.9493+/-  0.0015,  0.6052+/-  0.0033,  0.9505+/-  0.0019)
 
  Freq. =   1.2181+/-  0.0045 kT, m* =   0.6039+/-  0.0018 m_e, Curv. =  -5.5908E+02+/-  1.3946E+01 kT A^2, orbit (1=e,-1=h):  1.0+/- 0.0
  Orbit copies found:    70, RUC avg coords: (  0.4995+/-  0.0042,  0.5285+/-  0.5014,  0.4715+/-  0.5019)
 
 ANGLE    13 of    37    theta =   0.000000 degrees, phi =  30.000000 degrees
  Freq. =   0.3151+/-  0.0006 kT, m* =   0.1700+/-  0.0002 m_e, Curv. =   7.4122E+01+/-  1.5154E+00 kT A^2, orbit (1=e,-1=h):  1.0+/- 0.0
  Orbit copies found:    80, RUC avg coords: (  0.5250+/-  0.5020,  0.5250+/-  0.5021,  0.4999+/-  0.0053)
 
  Freq. =   0.3666+/-  0.0004 kT, m* =   0.2277+/-  0.0017 m_e, Curv. =   3.9551E+01+/-  3.5440E+00 kT A^2, orbit (1=e,-1=h):  1.0+/- 0.0
  Orbit copies found:    79, RUC avg coords: (  0.4938+/-  0.5002,  0.4999+/-  0.0034,  0.4812+/-  0.5003)
 
  Freq. =   0.3939+/-  0.0005 kT, m* =   0.1986+/-  0.0008 m_e, Curv. =  -7.4010E+01+/-  2.0407E+00 kT A^2, orbit (1=e,-1=h):  1.0+/- 0.0
  Orbit copies found:    79, RUC avg coords: (  0.0144+/-  0.0016,  0.0144+/-  0.0019,  0.4311+/-  0.0025)
 
  Freq. =   0.3939+/-  0.0006 kT, m* =   0.1985+/-  0.0008 m_e, Curv. =  -7.4042E+01+/-  2.0140E+00 kT A^2, orbit (1=e,-1=h):  1.0+/- 0.0
  Orbit copies found:    80, RUC avg coords: (  0.9855+/-  0.0015,  0.9856+/-  0.0019,  0.5690+/-  0.0026)
 
  Freq. =   0.4902+/-  0.0009 kT, m* =   0.2442+/-  0.0019 m_e, Curv. =  -1.2672E+02+/-  2.4174E+01 kT A^2, orbit (1=e,-1=h):  1.0+/- 0.0
  Orbit copies found:    77, RUC avg coords: (  0.9502+/-  0.0011,  0.6078+/-  0.0032,  0.9510+/-  0.0016)
 
  Freq. =   0.4902+/-  0.0009 kT, m* =   0.2444+/-  0.0019 m_e, Curv. =  -1.2905E+02+/-  2.3078E+01 kT A^2, orbit (1=e,-1=h):  1.0+/- 0.0
  Orbit copies found:    84, RUC avg coords: (  0.0498+/-  0.0010,  0.3920+/-  0.0032,  0.0493+/-  0.0014)
 
  Freq. =   1.3960+/-  0.0052 kT, m* =   0.6414+/-  0.0009 m_e, Curv. =  -7.0835E+02+/-  4.7116E+00 kT A^2, orbit (1=e,-1=h):  1.0+/- 0.0
  Orbit copies found:    70, RUC avg coords: (  0.5001+/-  0.0036,  0.4572+/-  0.4994,  0.5571+/-  0.4993)
 
 ANGLE    14 of    37    theta =   0.000000 degrees, phi =  32.500000 degrees
  Freq. =   0.3156+/-  0.0005 kT, m* =   0.1696+/-  0.0002 m_e, Curv. =   7.5369E+01+/-  1.0017E+00 kT A^2, orbit (1=e,-1=h):  1.0+/- 0.0
  Orbit copies found:    80, RUC avg coords: (  0.5499+/-  0.5000,  0.4875+/-  0.5024,  0.5008+/-  0.0049)
 
  Freq. =   0.3424+/-  0.0005 kT, m* =   0.2070+/-  0.0005 m_e, Curv. =   5.5933E+01+/-  3.7781E+00 kT A^2, orbit (1=e,-1=h):  1.0+/- 0.0
  Orbit copies found:    81, RUC avg coords: (  0.4695+/-  0.4999,  0.4997+/-  0.0030,  0.4449+/-  0.4980)
 
  Freq. =   0.4019+/-  0.0006 kT, m* =   0.2024+/-  0.0014 m_e, Curv. =  -7.5890E+01+/-  1.9939E+00 kT A^2, orbit (1=e,-1=h):  1.0+/- 0.0
  Orbit copies found:    79, RUC avg coords: (  0.9843+/-  0.0015,  0.9844+/-  0.0019,  0.5705+/-  0.0027)
 
  Freq. =   0.4019+/-  0.0005 kT, m* =   0.2023+/-  0.0014 m_e, Curv. =  -7.5768E+01+/-  2.1685E+00 kT A^2, orbit (1=e,-1=h):  1.0+/- 0.0
  Orbit copies found:    82, RUC avg coords: (  0.0156+/-  0.0015,  0.0155+/-  0.0020,  0.4298+/-  0.0025)
 
  Freq. =   0.4749+/-  0.0010 kT, m* =   0.2505+/-  0.0031 m_e, Curv. =  -1.2286E+02+/-  3.8132E+01 kT A^2, orbit (1=e,-1=h):  1.0+/- 0.0
  Orbit copies found:    79, RUC avg coords: (  0.9515+/-  0.0015,  0.6095+/-  0.0031,  0.9514+/-  0.0019)
 
  Freq. =   0.4750+/-  0.0011 kT, m* =   0.2494+/-  0.0039 m_e, Curv. =  -1.1381E+02+/-  3.8096E+01 kT A^2, orbit (1=e,-1=h):  1.0+/- 0.0
  Orbit copies found:    86, RUC avg coords: (  0.0483+/-  0.0014,  0.3913+/-  0.0032,  0.0484+/-  0.0017)
 
  Freq. =   1.5606+/-  0.0067 kT, m* =   0.6930+/-  0.0023 m_e, Curv. =  -9.2265E+02+/-  1.0758E+01 kT A^2, orbit (1=e,-1=h):  1.0+/- 0.0
  Orbit copies found:    69, RUC avg coords: (  0.4998+/-  0.0031,  0.5648+/-  0.4967,  0.5506+/-  0.5003)
 
 ANGLE    15 of    37    theta =   0.000000 degrees, phi =  35.000000 degrees
  Freq. =   0.3177+/-  0.0005 kT, m* =   0.1703+/-  0.0002 m_e, Curv. =   7.6367E+01+/-  9.1154E-01 kT A^2, orbit (1=e,-1=h):  1.0+/- 0.0
  Orbit copies found:    81, RUC avg coords: (  0.4814+/-  0.5019,  0.5185+/-  0.5022,  0.5002+/-  0.0047)
 
  Freq. =   0.3231+/-  0.0004 kT, m* =   0.1889+/-  0.0006 m_e, Curv. =   5.0631E+01+/-  1.5573E+00 kT A^2, orbit (1=e,-1=h):  1.0+/- 0.0
  Orbit copies found:    83, RUC avg coords: (  0.5181+/-  0.5007,  0.4999+/-  0.0031,  0.4820+/-  0.5008)
 
  Freq. =   0.4107+/-  0.0006 kT, m* =   0.2074+/-  0.0020 m_e, Curv. =  -7.6838E+01+/-  2.3086E+00 kT A^2, orbit (1=e,-1=h):  1.0+/- 0.0
  Orbit copies found:    79, RUC avg coords: (  0.9827+/-  0.0015,  0.9826+/-  0.0022,  0.5719+/-  0.0024)
 
  Freq. =   0.4107+/-  0.0006 kT, m* =   0.2072+/-  0.0020 m_e, Curv. =  -7.6599E+01+/-  2.3854E+00 kT A^2, orbit (1=e,-1=h):  1.0+/- 0.0
  Orbit copies found:    82, RUC avg coords: (  0.0170+/-  0.0014,  0.0171+/-  0.0020,  0.4280+/-  0.0025)
 
  Freq. =   0.4592+/-  0.0003 kT, m* =   0.2371+/-  0.0164 m_e, Curv. =  -6.8317E+01+/-  3.1410E+01 kT A^2, orbit (1=e,-1=h):  1.0+/- 0.0
  Orbit copies found:    78, RUC avg coords: (  0.9555+/-  0.0019,  0.6076+/-  0.0030,  0.9551+/-  0.0023)
 
  Freq. =   0.4592+/-  0.0003 kT, m* =   0.2362+/-  0.0157 m_e, Curv. =  -6.6053E+01+/-  3.0081E+01 kT A^2, orbit (1=e,-1=h):  1.0+/- 0.0
  Orbit copies found:    85, RUC avg coords: (  0.0443+/-  0.0018,  0.3925+/-  0.0029,  0.0447+/-  0.0022)
 
  Freq. =   1.6911+/-  0.0103 kT, m* =   0.7359+/-  0.0041 m_e, Curv. =  -1.1735E+03+/-  1.8633E+01 kT A^2, orbit (1=e,-1=h):  1.0+/- 0.0
  Orbit copies found:    72, RUC avg coords: (  0.5002+/-  0.0028,  0.4035+/-  0.4908,  0.4585+/-  0.5006)
 
 ANGLE    16 of    37    theta =   0.000000 degrees, phi =  37.500000 degrees
  Freq. =   0.3073+/-  0.0003 kT, m* =   0.1755+/-  0.0005 m_e, Curv. =   4.0374E+01+/-  2.3704E+00 kT A^2, orbit (1=e,-1=h):  1.0+/- 0.0
  Orbit copies found:    78, RUC avg coords: (  0.5893+/-  0.4934,  0.5006+/-  0.0029,  0.6150+/-  0.4882)
 
  Freq. =   0.3213+/-  0.0006 kT, m* =   0.1719+/-  0.0002 m_e, Curv. =   7.7454E+01+/-  7.3422E-01 kT A^2, orbit (1=e,-1=h):  1.0+/- 0.0
  Orbit copies found:    79, RUC avg coords: (  0.5694+/-  0.4973,  0.5189+/-  0.5022,  0.5009+/-  0.0050)
 
  Freq. =   0.4207+/-  0.0006 kT, m* =   0.2124+/-  0.0023 m_e, Curv. =  -7.8521E+01+/-  4.4666E+00 kT A^2, orbit (1=e,-1=h):  1.0+/- 0.0
  Orbit copies found:    77, RUC avg coords: (  0.9816+/-  0.0016,  0.9816+/-  0.0023,  0.5730+/-  0.0024)
 
  Freq. =   0.4208+/-  0.0006 kT, m* =   0.2130+/-  0.0021 m_e, Curv. =  -7.9481E+01+/-  4.1169E+00 kT A^2, orbit (1=e,-1=h):  1.0+/- 0.0
  Orbit copies found:    80, RUC avg coords: (  0.0189+/-  0.0015,  0.0189+/-  0.0020,  0.4269+/-  0.0023)
 
  Freq. =   0.4485+/-  0.0005 kT, m* =   0.2064+/-  0.0068 m_e, Curv. =  -6.2574E+01+/-  5.2557E+00 kT A^2, orbit (1=e,-1=h):  1.0+/- 0.0
  Orbit copies found:    88, RUC avg coords: (  0.0413+/-  0.0013,  0.3968+/-  0.0031,  0.0413+/-  0.0016)
 
  Freq. =   0.4485+/-  0.0005 kT, m* =   0.2035+/-  0.0064 m_e, Curv. =  -6.0241E+01+/-  5.2311E+00 kT A^2, orbit (1=e,-1=h):  1.0+/- 0.0
  Orbit copies found:    75, RUC avg coords: (  0.9591+/-  0.0012,  0.6018+/-  0.0031,  0.9592+/-  0.0015)
 
  Freq. =   1.7538+/-  0.0103 kT, m* =   0.7479+/-  0.0028 m_e, Curv. =  -1.2281E+03+/-  4.5804E+01 kT A^2, orbit (1=e,-1=h):  1.0+/- 0.0
  Orbit copies found:    67, RUC avg coords: (  0.4999+/-  0.0026,  0.5665+/-  0.4956,  0.5072+/-  0.5022)
 
 ANGLE    17 of    37    theta =   0.000000 degrees, phi =  40.000000 degrees
  Freq. =   0.2940+/-  0.0003 kT, m* =   0.1654+/-  0.0004 m_e, Curv. =   3.3687E+01+/-  7.2763E-01 kT A^2, orbit (1=e,-1=h):  1.0+/- 0.0
  Orbit copies found:    72, RUC avg coords: (  0.4585+/-  0.5002,  0.4998+/-  0.0029,  0.4863+/-  0.5018)
 
  Freq. =   0.3263+/-  0.0006 kT, m* =   0.1745+/-  0.0002 m_e, Curv. =   7.8643E+01+/-  9.3050E-01 kT A^2, orbit (1=e,-1=h):  1.0+/- 0.0
  Orbit copies found:    76, RUC avg coords: (  0.4475+/-  0.4993,  0.5000+/-  0.5024,  0.4993+/-  0.0051)
 
  Freq. =   0.4320+/-  0.0007 kT, m* =   0.2186+/-  0.0020 m_e, Curv. =  -8.7369E+01+/-  7.0544E+00 kT A^2, orbit (1=e,-1=h):  1.0+/- 0.0
  Orbit copies found:    75, RUC avg coords: (  0.0206+/-  0.0018,  0.0207+/-  0.0024,  0.4255+/-  0.0023)
 
  Freq. =   0.4322+/-  0.0007 kT, m* =   0.2187+/-  0.0018 m_e, Curv. =  -8.7766E+01+/-  6.1758E+00 kT A^2, orbit (1=e,-1=h):  1.0+/- 0.0
  Orbit copies found:    72, RUC avg coords: (  0.9794+/-  0.0015,  0.9794+/-  0.0022,  0.5746+/-  0.0022)
 
  Freq. =   0.4398+/-  0.0006 kT, m* =   0.2005+/-  0.0046 m_e, Curv. =  -7.1683E+01+/-  9.9065E+00 kT A^2, orbit (1=e,-1=h):  1.0+/- 0.0
  Orbit copies found:    81, RUC avg coords: (  0.0398+/-  0.0011,  0.3995+/-  0.0031,  0.0397+/-  0.0015)
 
  Freq. =   0.4398+/-  0.0005 kT, m* =   0.2015+/-  0.0046 m_e, Curv. =  -7.4038E+01+/-  9.9648E+00 kT A^2, orbit (1=e,-1=h):  1.0+/- 0.0
  Orbit copies found:    72, RUC avg coords: (  0.9600+/-  0.0011,  0.6011+/-  0.0030,  0.9599+/-  0.0015)
 
  Freq. =   1.7271+/-  0.0023 kT, m* =   0.6981+/-  0.0077 m_e, Curv. =  -8.6416E+02+/-  5.1234E+01 kT A^2, orbit (1=e,-1=h):  1.0+/- 0.0
  Orbit copies found:    67, RUC avg coords: (  0.4996+/-  0.0031,  0.4189+/-  0.4909,  0.4484+/-  0.4970)
 
 ANGLE    18 of    37    theta =   0.000000 degrees, phi =  42.500000 degrees
  Freq. =   0.2825+/-  0.0003 kT, m* =   0.1574+/-  0.0004 m_e, Curv. =   3.1794E+01+/-  2.6130E+00 kT A^2, orbit (1=e,-1=h):  1.0+/- 0.0
  Orbit copies found:    72, RUC avg coords: (  0.4585+/-  0.5000,  0.4997+/-  0.0030,  0.5001+/-  0.5019)
 
  Freq. =   0.3329+/-  0.0005 kT, m* =   0.1781+/-  0.0001 m_e, Curv. =   8.0078E+01+/-  1.0987E+00 kT A^2, orbit (1=e,-1=h):  1.0+/- 0.0
  Orbit copies found:    72, RUC avg coords: (  0.4584+/-  0.5006,  0.5000+/-  0.5028,  0.4998+/-  0.0044)
 
  Freq. =   0.4314+/-  0.0006 kT, m* =   0.2018+/-  0.0040 m_e, Curv. =  -7.9894E+01+/-  1.1572E+01 kT A^2, orbit (1=e,-1=h):  1.0+/- 0.0
  Orbit copies found:    76, RUC avg coords: (  0.0389+/-  0.0014,  0.4001+/-  0.0030,  0.0390+/-  0.0017)
 
  Freq. =   0.4315+/-  0.0005 kT, m* =   0.2013+/-  0.0035 m_e, Curv. =  -7.8795E+01+/-  1.0599E+01 kT A^2, orbit (1=e,-1=h):  1.0+/- 0.0
  Orbit copies found:    72, RUC avg coords: (  0.9612+/-  0.0013,  0.5997+/-  0.0028,  0.9612+/-  0.0016)
 
  Freq. =   0.4445+/-  0.0008 kT, m* =   0.2230+/-  0.0011 m_e, Curv. =  -9.8311E+01+/-  6.3310E+00 kT A^2, orbit (1=e,-1=h):  1.0+/- 0.0
  Orbit copies found:    72, RUC avg coords: (  0.0224+/-  0.0017,  0.0222+/-  0.0025,  0.4244+/-  0.0022)
 
  Freq. =   0.4446+/-  0.0008 kT, m* =   0.2230+/-  0.0011 m_e, Curv. =  -9.8538E+01+/-  5.8733E+00 kT A^2, orbit (1=e,-1=h):  1.0+/- 0.0
  Orbit copies found:    72, RUC avg coords: (  0.9777+/-  0.0016,  0.9779+/-  0.0023,  0.5758+/-  0.0022)
 
  Freq. =   1.6606+/-  0.0093 kT, m* =   0.6431+/-  0.0012 m_e, Curv. =  -7.0922E+02+/-  4.0301E+01 kT A^2, orbit (1=e,-1=h):  1.0+/- 0.0
  Orbit copies found:    72, RUC avg coords: (  0.5000+/-  0.0026,  0.5002+/-  0.4990,  0.5556+/-  0.4982)
 
 ANGLE    19 of    37    theta =   0.000000 degrees, phi =  45.000000 degrees
  Freq. =   0.2728+/-  0.0002 kT, m* =   0.1505+/-  0.0004 m_e, Curv. =   3.0784E+01+/-  2.1957E+00 kT A^2, orbit (1=e,-1=h):  1.0+/- 0.0
  Orbit copies found:    72, RUC avg coords: (  0.4306+/-  0.4974,  0.4999+/-  0.0030,  0.5001+/-  0.5025)
 
  Freq. =   0.3415+/-  0.0007 kT, m* =   0.1831+/-  0.0001 m_e, Curv. =   8.1422E+01+/-  1.0805E+00 kT A^2, orbit (1=e,-1=h):  1.0+/- 0.0
  Orbit copies found:    72, RUC avg coords: (  0.5555+/-  0.4987,  0.5556+/-  0.4995,  0.5002+/-  0.0044)
 
  Freq. =   0.4229+/-  0.0006 kT, m* =   0.2043+/-  0.0035 m_e, Curv. =  -8.5744E+01+/-  1.2309E+01 kT A^2, orbit (1=e,-1=h):  1.0+/- 0.0
  Orbit copies found:    72, RUC avg coords: (  0.9617+/-  0.0010,  0.5989+/-  0.0029,  0.9617+/-  0.0015)
 
  Freq. =   0.4229+/-  0.0007 kT, m* =   0.2042+/-  0.0034 m_e, Curv. =  -8.5671E+01+/-  1.2355E+01 kT A^2, orbit (1=e,-1=h):  1.0+/- 0.0
  Orbit copies found:    75, RUC avg coords: (  0.0379+/-  0.0012,  0.4010+/-  0.0029,  0.0380+/-  0.0015)
 
  Freq. =   0.4577+/-  0.0009 kT, m* =   0.2258+/-  0.0006 m_e, Curv. =  -1.0481E+02+/-  3.8798E+00 kT A^2, orbit (1=e,-1=h):  1.0+/- 0.0
  Orbit copies found:    72, RUC avg coords: (  0.0239+/-  0.0016,  0.0233+/-  0.0024,  0.4240+/-  0.0024)
 
  Freq. =   0.4577+/-  0.0007 kT, m* =   0.2257+/-  0.0006 m_e, Curv. =  -1.0498E+02+/-  4.0004E+00 kT A^2, orbit (1=e,-1=h):  1.0+/- 0.0
  Orbit copies found:    72, RUC avg coords: (  0.9759+/-  0.0015,  0.9768+/-  0.0023,  0.5760+/-  0.0024)
 
  Freq. =   1.5612+/-  0.0009 kT, m* =   0.6027+/-  0.0023 m_e, Curv. =  -5.2729E+02+/-  4.8855E+01 kT A^2, orbit (1=e,-1=h):  1.0+/- 0.0
  Orbit copies found:    72, RUC avg coords: (  0.5009+/-  0.0034,  0.5130+/-  0.4980,  0.5135+/-  0.5001)
 
 ANGLE    20 of    37    theta =   0.000000 degrees, phi =  47.500000 degrees
  Freq. =   0.2644+/-  0.0003 kT, m* =   0.1448+/-  0.0003 m_e, Curv. =   3.1046E+01+/-  1.6277E+00 kT A^2, orbit (1=e,-1=h):  1.0+/- 0.0
  Orbit copies found:    72, RUC avg coords: (  0.4585+/-  0.5003,  0.4998+/-  0.0029,  0.4723+/-  0.5016)
 
  Freq. =   0.3521+/-  0.0006 kT, m* =   0.1893+/-  0.0002 m_e, Curv. =   8.1880E+01+/-  1.6187E+00 kT A^2, orbit (1=e,-1=h):  1.0+/- 0.0
  Orbit copies found:    72, RUC avg coords: (  0.4725+/-  0.5011,  0.4307+/-  0.4978,  0.4996+/-  0.0043)
 
  Freq. =   0.4140+/-  0.0007 kT, m* =   0.2071+/-  0.0039 m_e, Curv. =  -8.7952E+01+/-  1.6189E+01 kT A^2, orbit (1=e,-1=h):  1.0+/- 0.0
  Orbit copies found:    72, RUC avg coords: (  0.9636+/-  0.0016,  0.5984+/-  0.0026,  0.9634+/-  0.0019)
 
  Freq. =   0.4140+/-  0.0007 kT, m* =   0.2077+/-  0.0038 m_e, Curv. =  -9.0420E+01+/-  1.6165E+01 kT A^2, orbit (1=e,-1=h):  1.0+/- 0.0
  Orbit copies found:    75, RUC avg coords: (  0.0367+/-  0.0015,  0.4013+/-  0.0026,  0.0370+/-  0.0018)
 
  Freq. =   0.4711+/-  0.0009 kT, m* =   0.2282+/-  0.0005 m_e, Curv. =  -1.0721E+02+/-  2.6404E+00 kT A^2, orbit (1=e,-1=h):  1.0+/- 0.0
  Orbit copies found:    72, RUC avg coords: (  0.0250+/-  0.0015,  0.0240+/-  0.0024,  0.4232+/-  0.0026)
 
  Freq. =   0.4712+/-  0.0008 kT, m* =   0.2282+/-  0.0005 m_e, Curv. =  -1.0753E+02+/-  2.4384E+00 kT A^2, orbit (1=e,-1=h):  1.0+/- 0.0
  Orbit copies found:    72, RUC avg coords: (  0.9749+/-  0.0015,  0.9758+/-  0.0023,  0.5769+/-  0.0024)
 
  Freq. =   1.4576+/-  0.0062 kT, m* =   0.5649+/-  0.0069 m_e, Curv. =  -4.9465E+02+/-  2.1151E+01 kT A^2, orbit (1=e,-1=h):  1.0+/- 0.0
  Orbit copies found:    74, RUC avg coords: (  0.5000+/-  0.0020,  0.4594+/-  0.4978,  0.5269+/-  0.5010)
 
 ANGLE    21 of    37    theta =   0.000000 degrees, phi =  50.000000 degrees
  Freq. =   0.2573+/-  0.0002 kT, m* =   0.1397+/-  0.0003 m_e, Curv. =   3.1241E+01+/-  7.7545E-01 kT A^2, orbit (1=e,-1=h):  1.0+/- 0.0
  Orbit copies found:    72, RUC avg coords: (  0.4307+/-  0.4969,  0.4995+/-  0.0026,  0.4584+/-  0.5004)
 
  Freq. =   0.3652+/-  0.0006 kT, m* =   0.1971+/-  0.0002 m_e, Curv. =   7.9958E+01+/-  1.5623E+00 kT A^2, orbit (1=e,-1=h):  1.0+/- 0.0
  Orbit copies found:    72, RUC avg coords: (  0.4862+/-  0.5014,  0.4862+/-  0.5024,  0.5002+/-  0.0047)
 
  Freq. =   0.4048+/-  0.0006 kT, m* =   0.2086+/-  0.0052 m_e, Curv. =  -8.4814E+01+/-  1.9522E+01 kT A^2, orbit (1=e,-1=h):  1.0+/- 0.0
  Orbit copies found:    75, RUC avg coords: (  0.0349+/-  0.0017,  0.4023+/-  0.0025,  0.0354+/-  0.0021)
 
  Freq. =   0.4048+/-  0.0006 kT, m* =   0.2078+/-  0.0050 m_e, Curv. =  -8.1629E+01+/-  1.8624E+01 kT A^2, orbit (1=e,-1=h):  1.0+/- 0.0
  Orbit copies found:    73, RUC avg coords: (  0.9654+/-  0.0018,  0.5974+/-  0.0024,  0.9650+/-  0.0021)
 
  Freq. =   0.4850+/-  0.0009 kT, m* =   0.2309+/-  0.0008 m_e, Curv. =  -1.0682E+02+/-  2.2915E+00 kT A^2, orbit (1=e,-1=h):  1.0+/- 0.0
  Orbit copies found:    72, RUC avg coords: (  0.0260+/-  0.0014,  0.0244+/-  0.0023,  0.4234+/-  0.0025)
 
  Freq. =   0.4852+/-  0.0007 kT, m* =   0.2310+/-  0.0008 m_e, Curv. =  -1.0739E+02+/-  1.9046E+00 kT A^2, orbit (1=e,-1=h):  1.0+/- 0.0
  Orbit copies found:    72, RUC avg coords: (  0.9739+/-  0.0012,  0.9752+/-  0.0021,  0.5775+/-  0.0026)
 
  Freq. =   1.3411+/-  0.0060 kT, m* =   0.5539+/-  0.0021 m_e, Curv. =  -5.2171E+02+/-  3.1582E+01 kT A^2, orbit (1=e,-1=h):  1.0+/- 0.0
  Orbit copies found:    81, RUC avg coords: (  0.4995+/-  0.0024,  0.4203+/-  0.4923,  0.4694+/-  0.5000)
 
 ANGLE    22 of    37    theta =   0.000000 degrees, phi =  52.500000 degrees
  Freq. =   0.2514+/-  0.0002 kT, m* =   0.1354+/-  0.0005 m_e, Curv. =   3.1327E+01+/-  9.0751E-01 kT A^2, orbit (1=e,-1=h):  1.0+/- 0.0
  Orbit copies found:    72, RUC avg coords: (  0.5416+/-  0.5004,  0.5003+/-  0.0026,  0.4999+/-  0.5024)
 
  Freq. =   0.3810+/-  0.0005 kT, m* =   0.2061+/-  0.0004 m_e, Curv. =   7.5168E+01+/-  1.0665E+00 kT A^2, orbit (1=e,-1=h):  1.0+/- 0.0
  Orbit copies found:    72, RUC avg coords: (  0.5693+/-  0.4966,  0.5694+/-  0.4976,  0.5003+/-  0.0047)
 
  Freq. =   0.3958+/-  0.0005 kT, m* =   0.2043+/-  0.0070 m_e, Curv. =  -7.2253E+01+/-  1.7961E+01 kT A^2, orbit (1=e,-1=h):  1.0+/- 0.0
  Orbit copies found:    73, RUC avg coords: (  0.9671+/-  0.0017,  0.5962+/-  0.0026,  0.9665+/-  0.0018)
 
  Freq. =   0.3959+/-  0.0005 kT, m* =   0.2031+/-  0.0066 m_e, Curv. =  -6.9114E+01+/-  1.7287E+01 kT A^2, orbit (1=e,-1=h):  1.0+/- 0.0
  Orbit copies found:    77, RUC avg coords: (  0.0326+/-  0.0015,  0.4041+/-  0.0024,  0.0332+/-  0.0017)
 
  Freq. =   0.4996+/-  0.0009 kT, m* =   0.2352+/-  0.0014 m_e, Curv. =  -1.0480E+02+/-  1.8922E+00 kT A^2, orbit (1=e,-1=h):  1.0+/- 0.0
  Orbit copies found:    73, RUC avg coords: (  0.9728+/-  0.0015,  0.9743+/-  0.0025,  0.5781+/-  0.0029)
 
  Freq. =   0.4998+/-  0.0008 kT, m* =   0.2354+/-  0.0012 m_e, Curv. =  -1.0525E+02+/-  1.7643E+00 kT A^2, orbit (1=e,-1=h):  1.0+/- 0.0
  Orbit copies found:    73, RUC avg coords: (  0.0274+/-  0.0013,  0.0260+/-  0.0021,  0.4216+/-  0.0028)
 
  Freq. =   1.2056+/-  0.0045 kT, m* =   0.5445+/-  0.0050 m_e, Curv. =  -5.5485E+02+/-  4.1335E+00 kT A^2, orbit (1=e,-1=h):  1.0+/- 0.0
  Orbit copies found:    77, RUC avg coords: (  0.5002+/-  0.0033,  0.5580+/-  0.4954,  0.5712+/-  0.4954)
 
 ANGLE    23 of    37    theta =   0.000000 degrees, phi =  55.000000 degrees
  Freq. =   0.2466+/-  0.0002 kT, m* =   0.1320+/-  0.0002 m_e, Curv. =   3.1369E+01+/-  1.4892E+00 kT A^2, orbit (1=e,-1=h):  1.0+/- 0.0
  Orbit copies found:    73, RUC avg coords: (  0.5478+/-  0.4997,  0.5003+/-  0.0027,  0.5615+/-  0.4984)
 
  Freq. =   0.3884+/-  0.0004 kT, m* =   0.1933+/-  0.0063 m_e, Curv. =  -5.9655E+01+/-  9.6397E+00 kT A^2, orbit (1=e,-1=h):  1.0+/- 0.0
  Orbit copies found:    72, RUC avg coords: (  0.9694+/-  0.0013,  0.5925+/-  0.0027,  0.9689+/-  0.0016)
 
  Freq. =   0.3885+/-  0.0004 kT, m* =   0.1943+/-  0.0059 m_e, Curv. =  -6.1039E+01+/-  9.1606E+00 kT A^2, orbit (1=e,-1=h):  1.0+/- 0.0
  Orbit copies found:    73, RUC avg coords: (  0.0309+/-  0.0014,  0.4070+/-  0.0025,  0.0314+/-  0.0015)
 
  Freq. =   0.4000+/-  0.0005 kT, m* =   0.2160+/-  0.0003 m_e, Curv. =   6.8518E+01+/-  8.9824E-01 kT A^2, orbit (1=e,-1=h):  1.0+/- 0.0
  Orbit copies found:    72, RUC avg coords: (  0.4586+/-  0.4996,  0.4862+/-  0.5022,  0.4993+/-  0.0050)
 
  Freq. =   0.5153+/-  0.0009 kT, m* =   0.2419+/-  0.0024 m_e, Curv. =  -9.8350E+01+/-  3.4158E+00 kT A^2, orbit (1=e,-1=h):  1.0+/- 0.0
  Orbit copies found:    72, RUC avg coords: (  0.9713+/-  0.0012,  0.9729+/-  0.0022,  0.5792+/-  0.0030)
 
  Freq. =   0.5154+/-  0.0007 kT, m* =   0.2421+/-  0.0024 m_e, Curv. =  -9.8295E+01+/-  3.5924E+00 kT A^2, orbit (1=e,-1=h):  1.0+/- 0.0
  Orbit copies found:    74, RUC avg coords: (  0.0289+/-  0.0012,  0.0274+/-  0.0022,  0.4206+/-  0.0028)
 
  Freq. =   1.0457+/-  0.0040 kT, m* =   0.5238+/-  0.0065 m_e, Curv. =  -5.0259E+02+/-  9.5539E+00 kT A^2, orbit (1=e,-1=h):  1.0+/- 0.0
  Orbit copies found:    77, RUC avg coords: (  0.5001+/-  0.0066,  0.4804+/-  0.4994,  0.4804+/-  0.4999)
 
 ANGLE    24 of    37    theta =   0.000000 degrees, phi =  57.500000 degrees
  Freq. =   0.2427+/-  0.0002 kT, m* =   0.1292+/-  0.0005 m_e, Curv. =   3.1567E+01+/-  1.0105E+00 kT A^2, orbit (1=e,-1=h):  1.0+/- 0.0
  Orbit copies found:    76, RUC avg coords: (  0.4739+/-  0.5015,  0.4995+/-  0.0024,  0.4081+/-  0.4937)
 
  Freq. =   0.3827+/-  0.0005 kT, m* =   0.1884+/-  0.0052 m_e, Curv. =  -6.4318E+01+/-  7.7805E+00 kT A^2, orbit (1=e,-1=h):  1.0+/- 0.0
  Orbit copies found:    75, RUC avg coords: (  0.9705+/-  0.0015,  0.5902+/-  0.0026,  0.9702+/-  0.0016)
 
  Freq. =   0.3827+/-  0.0004 kT, m* =   0.1878+/-  0.0049 m_e, Curv. =  -6.3304E+01+/-  7.3964E+00 kT A^2, orbit (1=e,-1=h):  1.0+/- 0.0
  Orbit copies found:    73, RUC avg coords: (  0.0291+/-  0.0015,  0.4098+/-  0.0029,  0.0295+/-  0.0015)
 
  Freq. =   0.4221+/-  0.0005 kT, m* =   0.2265+/-  0.0003 m_e, Curv. =   6.4650E+01+/-  1.0546E+00 kT A^2, orbit (1=e,-1=h):  1.0+/- 0.0
  Orbit copies found:    72, RUC avg coords: (  0.5965+/-  0.4921,  0.5274+/-  0.5015,  0.5014+/-  0.0046)
 
  Freq. =   0.5330+/-  0.0006 kT, m* =   0.2535+/-  0.0047 m_e, Curv. =  -8.9882E+01+/-  1.8678E+00 kT A^2, orbit (1=e,-1=h):  1.0+/- 0.0
  Orbit copies found:    74, RUC avg coords: (  0.9693+/-  0.0014,  0.9711+/-  0.0023,  0.5806+/-  0.0031)
 
  Freq. =   0.5330+/-  0.0006 kT, m* =   0.2547+/-  0.0048 m_e, Curv. =  -9.0287E+01+/-  2.4302E+00 kT A^2, orbit (1=e,-1=h):  1.0+/- 0.0
  Orbit copies found:    73, RUC avg coords: (  0.0308+/-  0.0016,  0.0293+/-  0.0026,  0.4184+/-  0.0027)
 
  Freq. =   0.8743+/-  0.0017 kT, m* =   0.4652+/-  0.0066 m_e, Curv. =  -2.1106E+02+/-  6.5741E+00 kT A^2, orbit (1=e,-1=h):  1.0+/- 0.0
  Orbit copies found:    76, RUC avg coords: (  0.5009+/-  0.0099,  0.5525+/-  0.4980,  0.5787+/-  0.4934)
 
 ANGLE    25 of    37    theta =   0.000000 degrees, phi =  60.000000 degrees
  Freq. =   0.2398+/-  0.0003 kT, m* =   0.1272+/-  0.0005 m_e, Curv. =   3.1969E+01+/-  7.9383E-01 kT A^2, orbit (1=e,-1=h):  1.0+/- 0.0
  Orbit copies found:    78, RUC avg coords: (  0.5511+/-  0.4995,  0.5000+/-  0.0026,  0.5511+/-  0.4996)
 
  Freq. =   0.3777+/-  0.0005 kT, m* =   0.1853+/-  0.0041 m_e, Curv. =  -6.7542E+01+/-  7.6591E+00 kT A^2, orbit (1=e,-1=h):  1.0+/- 0.0
  Orbit copies found:    78, RUC avg coords: (  0.9717+/-  0.0013,  0.5877+/-  0.0027,  0.9715+/-  0.0014)
 
  Freq. =   0.3778+/-  0.0005 kT, m* =   0.1851+/-  0.0040 m_e, Curv. =  -6.7247E+01+/-  7.2021E+00 kT A^2, orbit (1=e,-1=h):  1.0+/- 0.0
  Orbit copies found:    77, RUC avg coords: (  0.0282+/-  0.0013,  0.4124+/-  0.0025,  0.0284+/-  0.0013)
 
  Freq. =   0.4480+/-  0.0005 kT, m* =   0.2390+/-  0.0005 m_e, Curv. =   6.9288E+01+/-  1.0814E+00 kT A^2, orbit (1=e,-1=h):  1.0+/- 0.0
  Orbit copies found:    76, RUC avg coords: (  0.4738+/-  0.5006,  0.5001+/-  0.5019,  0.4998+/-  0.0051)
 
  Freq. =   0.5545+/-  0.0009 kT, m* =   0.2691+/-  0.0023 m_e, Curv. =  -1.1040E+02+/-  1.5861E+01 kT A^2, orbit (1=e,-1=h):  1.0+/- 0.0
  Orbit copies found:    77, RUC avg coords: (  0.9664+/-  0.0017,  0.9680+/-  0.0027,  0.5831+/-  0.0029)
 
  Freq. =   0.5545+/-  0.0009 kT, m* =   0.2693+/-  0.0021 m_e, Curv. =  -1.1139E+02+/-  1.5795E+01 kT A^2, orbit (1=e,-1=h):  1.0+/- 0.0
  Orbit copies found:    74, RUC avg coords: (  0.0336+/-  0.0017,  0.0321+/-  0.0026,  0.4166+/-  0.0030)
 
  Freq. =   0.7314+/-  0.0007 kT, m* =   0.3864+/-  0.0079 m_e, Curv. =  -1.4205E+01+/-  2.6621E+01 kT A^2, orbit (1=e,-1=h):  1.0+/- 0.0
  Orbit copies found:   132, RUC avg coords: (  0.4880+/-  0.0181,  0.3210+/-  0.4637,  0.3232+/-  0.4610)
 
  Freq. =   0.7320+/-  0.0003 kT, m* =   0.3783+/-  0.0026 m_e, Curv. =  -4.3025E+01+/-  8.7054E+00 kT A^2, orbit (1=e,-1=h):  1.0+/- 0.0
  Orbit copies found:    49, RUC avg coords: (  0.5304+/-  0.0050,  0.9925+/-  0.0016,  0.9872+/-  0.0022)
 
 ANGLE    26 of    37    theta =   0.000000 degrees, phi =  62.500000 degrees
  Freq. =   0.2377+/-  0.0002 kT, m* =   0.1256+/-  0.0004 m_e, Curv. =   3.2611E+01+/-  5.9959E-01 kT A^2, orbit (1=e,-1=h):  1.0+/- 0.0
  Orbit copies found:    81, RUC avg coords: (  0.5555+/-  0.4988,  0.4999+/-  0.0028,  0.5555+/-  0.4988)
 
  Freq. =   0.3731+/-  0.0005 kT, m* =   0.1845+/-  0.0034 m_e, Curv. =  -7.1193E+01+/-  7.1872E+00 kT A^2, orbit (1=e,-1=h):  1.0+/- 0.0
  Orbit copies found:    80, RUC avg coords: (  0.9728+/-  0.0013,  0.5860+/-  0.0026,  0.9725+/-  0.0015)
 
  Freq. =   0.3731+/-  0.0005 kT, m* =   0.1842+/-  0.0032 m_e, Curv. =  -7.0705E+01+/-  7.0126E+00 kT A^2, orbit (1=e,-1=h):  1.0+/- 0.0
  Orbit copies found:    78, RUC avg coords: (  0.0272+/-  0.0013,  0.4143+/-  0.0027,  0.0275+/-  0.0015)
 
  Freq. =   0.4786+/-  0.0006 kT, m* =   0.2560+/-  0.0008 m_e, Curv. =   8.4744E+01+/-  1.7884E+00 kT A^2, orbit (1=e,-1=h):  1.0+/- 0.0
  Orbit copies found:    78, RUC avg coords: (  0.5130+/-  0.5006,  0.5258+/-  0.5010,  0.4995+/-  0.0053)
 
  Freq. =   0.5784+/-  0.0011 kT, m* =   0.2763+/-  0.0009 m_e, Curv. =  -1.3436E+02+/-  1.3605E+01 kT A^2, orbit (1=e,-1=h):  1.0+/- 0.0
  Orbit copies found:    78, RUC avg coords: (  0.9644+/-  0.0013,  0.9665+/-  0.0023,  0.5838+/-  0.0035)
 
  Freq. =   0.5785+/-  0.0010 kT, m* =   0.2764+/-  0.0009 m_e, Curv. =  -1.3319E+02+/-  1.2971E+01 kT A^2, orbit (1=e,-1=h):  1.0+/- 0.0
  Orbit copies found:    78, RUC avg coords: (  0.0356+/-  0.0013,  0.0334+/-  0.0024,  0.4166+/-  0.0033)
 
  Freq. =   0.6262+/-  0.0009 kT, m* =   0.3389+/-  0.0022 m_e, Curv. =   7.3173E+01+/-  6.6677E+00 kT A^2, orbit (1=e,-1=h):  1.0+/- 0.0
  Orbit copies found:    76, RUC avg coords: (  0.4991+/-  0.0076,  0.4345+/-  0.4967,  0.4347+/-  0.4952)
 
  Freq. =   0.6657+/-  0.0010 kT, m* =   0.3161+/-  0.0029 m_e, Curv. =  -1.2149E+02+/-  1.9737E+01 kT A^2, orbit (1=e,-1=h):  1.0+/- 0.0
  Orbit copies found:    78, RUC avg coords: (  0.4240+/-  0.0038,  0.0297+/-  0.0028,  0.0328+/-  0.0014)
 
  Freq. =   0.6660+/-  0.0008 kT, m* =   0.3165+/-  0.0026 m_e, Curv. =  -1.1885E+02+/-  1.8204E+01 kT A^2, orbit (1=e,-1=h):  1.0+/- 0.0
  Orbit copies found:    78, RUC avg coords: (  0.5753+/-  0.0034,  0.9708+/-  0.0024,  0.9674+/-  0.0013)
 
 ANGLE    27 of    37    theta =   0.000000 degrees, phi =  65.000000 degrees
  Freq. =   0.2365+/-  0.0003 kT, m* =   0.1246+/-  0.0004 m_e, Curv. =   3.3722E+01+/-  5.5000E-01 kT A^2, orbit (1=e,-1=h):  1.0+/- 0.0
  Orbit copies found:    81, RUC avg coords: (  0.5431+/-  0.5001,  0.5002+/-  0.0028,  0.5307+/-  0.5012)
 
  Freq. =   0.3684+/-  0.0006 kT, m* =   0.1836+/-  0.0027 m_e, Curv. =  -7.2072E+01+/-  6.4904E+00 kT A^2, orbit (1=e,-1=h):  1.0+/- 0.0
  Orbit copies found:    78, RUC avg coords: (  0.9739+/-  0.0014,  0.5837+/-  0.0024,  0.9737+/-  0.0013)
 
  Freq. =   0.3685+/-  0.0005 kT, m* =   0.1841+/-  0.0027 m_e, Curv. =  -7.3214E+01+/-  6.1720E+00 kT A^2, orbit (1=e,-1=h):  1.0+/- 0.0
  Orbit copies found:    76, RUC avg coords: (  0.0262+/-  0.0014,  0.4158+/-  0.0023,  0.0265+/-  0.0013)
 
  Freq. =   0.5162+/-  0.0009 kT, m* =   0.2817+/-  0.0008 m_e, Curv. =   9.0097E+01+/-  6.5305E+00 kT A^2, orbit (1=e,-1=h):  1.0+/- 0.0
  Orbit copies found:    76, RUC avg coords: (  0.5390+/-  0.4986,  0.5522+/-  0.4983,  0.5007+/-  0.0054)
 
  Freq. =   0.5502+/-  0.0008 kT, m* =   0.3003+/-  0.0015 m_e, Curv. =   7.9954E+01+/-  5.0013E+00 kT A^2, orbit (1=e,-1=h):  1.0+/- 0.0
  Orbit copies found:    75, RUC avg coords: (  0.5004+/-  0.0062,  0.5198+/-  0.5008,  0.5064+/-  0.4999)
 
  Freq. =   0.6036+/-  0.0012 kT, m* =   0.2838+/-  0.0007 m_e, Curv. =  -1.3883E+02+/-  1.0712E+01 kT A^2, orbit (1=e,-1=h):  1.0+/- 0.0
  Orbit copies found:    76, RUC avg coords: (  0.9635+/-  0.0012,  0.9664+/-  0.0022,  0.5829+/-  0.0037)
 
  Freq. =   0.6037+/-  0.0010 kT, m* =   0.2837+/-  0.0006 m_e, Curv. =  -1.3965E+02+/-  9.9500E+00 kT A^2, orbit (1=e,-1=h):  1.0+/- 0.0
  Orbit copies found:    76, RUC avg coords: (  0.0366+/-  0.0011,  0.0337+/-  0.0021,  0.4169+/-  0.0035)
 
  Freq. =   0.6235+/-  0.0012 kT, m* =   0.2934+/-  0.0007 m_e, Curv. =  -1.3785E+02+/-  1.2473E+01 kT A^2, orbit (1=e,-1=h):  1.0+/- 0.0
  Orbit copies found:    77, RUC avg coords: (  0.5820+/-  0.0034,  0.9681+/-  0.0027,  0.9654+/-  0.0013)
 
  Freq. =   0.6235+/-  0.0010 kT, m* =   0.2933+/-  0.0008 m_e, Curv. =  -1.3883E+02+/-  1.1686E+01 kT A^2, orbit (1=e,-1=h):  1.0+/- 0.0
  Orbit copies found:    78, RUC avg coords: (  0.4180+/-  0.0035,  0.0324+/-  0.0025,  0.0348+/-  0.0012)
 
 ANGLE    28 of    37    theta =   0.000000 degrees, phi =  67.500000 degrees
  Freq. =   0.2361+/-  0.0003 kT, m* =   0.1243+/-  0.0002 m_e, Curv. =   3.4940E+01+/-  8.2777E-01 kT A^2, orbit (1=e,-1=h):  1.0+/- 0.0
  Orbit copies found:    78, RUC avg coords: (  0.5128+/-  0.5019,  0.5003+/-  0.0030,  0.5000+/-  0.5021)
 
  Freq. =   0.3637+/-  0.0006 kT, m* =   0.1839+/-  0.0025 m_e, Curv. =  -7.3466E+01+/-  5.7620E+00 kT A^2, orbit (1=e,-1=h):  1.0+/- 0.0
  Orbit copies found:    76, RUC avg coords: (  0.0254+/-  0.0017,  0.4176+/-  0.0024,  0.0256+/-  0.0015)
 
  Freq. =   0.3637+/-  0.0005 kT, m* =   0.1837+/-  0.0023 m_e, Curv. =  -7.3238E+01+/-  5.7399E+00 kT A^2, orbit (1=e,-1=h):  1.0+/- 0.0
  Orbit copies found:    79, RUC avg coords: (  0.9750+/-  0.0018,  0.5827+/-  0.0022,  0.9746+/-  0.0015)
 
  Freq. =   0.4932+/-  0.0008 kT, m* =   0.2719+/-  0.0011 m_e, Curv. =   7.3632E+01+/-  4.8043E+00 kT A^2, orbit (1=e,-1=h):  1.0+/- 0.0
  Orbit copies found:    78, RUC avg coords: (  0.4992+/-  0.0055,  0.4747+/-  0.5004,  0.4749+/-  0.4993)
 
  Freq. =   0.5636+/-  0.0002 kT, m* =   0.3095+/-  0.0034 m_e, Curv. =   5.2138E+01+/-  3.4193E+00 kT A^2, orbit (1=e,-1=h):  1.0+/- 0.0
  Orbit copies found:    76, RUC avg coords: (  0.5129+/-  0.4995,  0.5393+/-  0.4990,  0.4999+/-  0.0058)
 
  Freq. =   0.5862+/-  0.0010 kT, m* =   0.2731+/-  0.0010 m_e, Curv. =  -1.2930E+02+/-  7.5442E+00 kT A^2, orbit (1=e,-1=h):  1.0+/- 0.0
  Orbit copies found:    78, RUC avg coords: (  0.4144+/-  0.0034,  0.0333+/-  0.0024,  0.0357+/-  0.0011)
 
  Freq. =   0.5863+/-  0.0009 kT, m* =   0.2730+/-  0.0009 m_e, Curv. =  -1.3036E+02+/-  7.4441E+00 kT A^2, orbit (1=e,-1=h):  1.0+/- 0.0
  Orbit copies found:    79, RUC avg coords: (  0.5859+/-  0.0032,  0.9665+/-  0.0023,  0.9642+/-  0.0011)
 
  Freq. =   0.6305+/-  0.0010 kT, m* =   0.2955+/-  0.0005 m_e, Curv. =  -1.2495E+02+/-  9.4293E+00 kT A^2, orbit (1=e,-1=h):  1.0+/- 0.0
  Orbit copies found:    76, RUC avg coords: (  0.0375+/-  0.0011,  0.0339+/-  0.0021,  0.4182+/-  0.0039)
 
  Freq. =   0.6305+/-  0.0010 kT, m* =   0.2955+/-  0.0005 m_e, Curv. =  -1.2585E+02+/-  7.5623E+00 kT A^2, orbit (1=e,-1=h):  1.0+/- 0.0
  Orbit copies found:    78, RUC avg coords: (  0.9624+/-  0.0011,  0.9657+/-  0.0021,  0.5824+/-  0.0039)
 
 ANGLE    29 of    37    theta =   0.000000 degrees, phi =  70.000000 degrees
  Freq. =   0.2365+/-  0.0003 kT, m* =   0.1245+/-  0.0006 m_e, Curv. =   3.6261E+01+/-  8.6398E-01 kT A^2, orbit (1=e,-1=h):  1.0+/- 0.0
  Orbit copies found:    77, RUC avg coords: (  0.5454+/-  0.5002,  0.5001+/-  0.0030,  0.5195+/-  0.5021)
 
  Freq. =   0.3588+/-  0.0006 kT, m* =   0.1832+/-  0.0021 m_e, Curv. =  -7.1611E+01+/-  6.0312E+00 kT A^2, orbit (1=e,-1=h):  1.0+/- 0.0
  Orbit copies found:    76, RUC avg coords: (  0.9759+/-  0.0017,  0.5812+/-  0.0023,  0.9755+/-  0.0016)
 
  Freq. =   0.3588+/-  0.0005 kT, m* =   0.1832+/-  0.0021 m_e, Curv. =  -7.1498E+01+/-  5.9245E+00 kT A^2, orbit (1=e,-1=h):  1.0+/- 0.0
  Orbit copies found:    77, RUC avg coords: (  0.0238+/-  0.0017,  0.4188+/-  0.0022,  0.0242+/-  0.0017)
 
  Freq. =   0.4488+/-  0.0006 kT, m* =   0.2505+/-  0.0009 m_e, Curv. =   6.5717E+01+/-  3.4650E+00 kT A^2, orbit (1=e,-1=h):  1.0+/- 0.0
  Orbit copies found:    77, RUC avg coords: (  0.4998+/-  0.0046,  0.4676+/-  0.5000,  0.4677+/-  0.4990)
 
  Freq. =   0.5525+/-  0.0009 kT, m* =   0.2549+/-  0.0026 m_e, Curv. =  -1.0893E+02+/-  4.0973E+00 kT A^2, orbit (1=e,-1=h):  1.0+/- 0.0
  Orbit copies found:    77, RUC avg coords: (  0.4108+/-  0.0034,  0.0349+/-  0.0020,  0.0370+/-  0.0011)
 
  Freq. =   0.5526+/-  0.0008 kT, m* =   0.2549+/-  0.0025 m_e, Curv. =  -1.0932E+02+/-  4.0406E+00 kT A^2, orbit (1=e,-1=h):  1.0+/- 0.0
  Orbit copies found:    75, RUC avg coords: (  0.5892+/-  0.0032,  0.9651+/-  0.0020,  0.9631+/-  0.0011)
 
  Freq. =   0.6186+/-  0.0002 kT, m* =   0.3235+/-  0.0020 m_e, Curv. =   2.2221E+01+/-  8.1984E+00 kT A^2, orbit (1=e,-1=h):  1.0+/- 0.0
  Orbit copies found:    75, RUC avg coords: (  0.5066+/-  0.5006,  0.5066+/-  0.5009,  0.5000+/-  0.0065)
 
  Freq. =   0.6612+/-  0.0007 kT, m* =   0.3183+/-  0.0053 m_e, Curv. =  -8.2089E+01+/-  1.3558E+01 kT A^2, orbit (1=e,-1=h):  1.0+/- 0.0
  Orbit copies found:    74, RUC avg coords: (  0.0384+/-  0.0019,  0.0348+/-  0.0027,  0.4195+/-  0.0045)
 
  Freq. =   0.6613+/-  0.0008 kT, m* =   0.3185+/-  0.0054 m_e, Curv. =  -8.2777E+01+/-  1.3433E+01 kT A^2, orbit (1=e,-1=h):  1.0+/- 0.0
  Orbit copies found:    77, RUC avg coords: (  0.9615+/-  0.0021,  0.9651+/-  0.0029,  0.5808+/-  0.0043)
 
 ANGLE    30 of    37    theta =   0.000000 degrees, phi =  72.500000 degrees
  Freq. =   0.2379+/-  0.0003 kT, m* =   0.1252+/-  0.0006 m_e, Curv. =   3.8035E+01+/-  8.5589E-01 kT A^2, orbit (1=e,-1=h):  1.0+/- 0.0
  Orbit copies found:    77, RUC avg coords: (  0.4806+/-  0.5018,  0.4999+/-  0.0034,  0.4157+/-  0.4950)
 
  Freq. =   0.3540+/-  0.0005 kT, m* =   0.1820+/-  0.0017 m_e, Curv. =  -6.8129E+01+/-  5.1160E+00 kT A^2, orbit (1=e,-1=h):  1.0+/- 0.0
  Orbit copies found:    76, RUC avg coords: (  0.9771+/-  0.0018,  0.5796+/-  0.0021,  0.9767+/-  0.0016)
 
  Freq. =   0.3540+/-  0.0005 kT, m* =   0.1819+/-  0.0018 m_e, Curv. =  -6.7985E+01+/-  5.1466E+00 kT A^2, orbit (1=e,-1=h):  1.0+/- 0.0
  Orbit copies found:    76, RUC avg coords: (  0.0228+/-  0.0017,  0.4203+/-  0.0021,  0.0233+/-  0.0015)
 
  Freq. =   0.4133+/-  0.0005 kT, m* =   0.2338+/-  0.0007 m_e, Curv. =   5.8915E+01+/-  3.3208E+00 kT A^2, orbit (1=e,-1=h):  1.0+/- 0.0
  Orbit copies found:    79, RUC avg coords: (  0.4996+/-  0.0042,  0.4812+/-  0.5006,  0.4687+/-  0.4992)
 
  Freq. =   0.5219+/-  0.0007 kT, m* =   0.2406+/-  0.0049 m_e, Curv. =  -8.4985E+01+/-  2.1942E+00 kT A^2, orbit (1=e,-1=h):  1.0+/- 0.0
  Orbit copies found:    77, RUC avg coords: (  0.4073+/-  0.0033,  0.0364+/-  0.0021,  0.0381+/-  0.0012)
 
  Freq. =   0.5220+/-  0.0007 kT, m* =   0.2404+/-  0.0047 m_e, Curv. =  -8.5517E+01+/-  2.7135E+00 kT A^2, orbit (1=e,-1=h):  1.0+/- 0.0
  Orbit copies found:    79, RUC avg coords: (  0.5927+/-  0.0034,  0.9638+/-  0.0019,  0.9620+/-  0.0011)
 
  Freq. =   0.6800+/-  0.0005 kT, m* =   0.3402+/-  0.0016 m_e, Curv. =   5.9113E+01+/-  4.1368E+00 kT A^2, orbit (1=e,-1=h):  1.0+/- 0.0
  Orbit copies found:    76, RUC avg coords: (  0.4737+/-  0.5004,  0.5000+/-  0.5013,  0.5000+/-  0.0063)
 
  Freq. =   0.7034+/-  0.0012 kT, m* =   0.3738+/-  0.0153 m_e, Curv. =  -8.6384E+01+/-  5.5615E+01 kT A^2, orbit (1=e,-1=h):  1.0+/- 0.0
  Orbit copies found:    75, RUC avg coords: (  0.9594+/-  0.0048,  0.9631+/-  0.0049,  0.5778+/-  0.0053)
 
  Freq. =   0.7035+/-  0.0011 kT, m* =   0.3737+/-  0.0150 m_e, Curv. =  -9.2723E+01+/-  5.6817E+01 kT A^2, orbit (1=e,-1=h):  1.0+/- 0.0
  Orbit copies found:    73, RUC avg coords: (  0.0409+/-  0.0047,  0.0373+/-  0.0048,  0.4216+/-  0.0052)
 
 ANGLE    31 of    37    theta =   0.000000 degrees, phi =  75.000000 degrees
  Freq. =   0.2403+/-  0.0003 kT, m* =   0.1267+/-  0.0003 m_e, Curv. =   3.9308E+01+/-  1.6025E+00 kT A^2, orbit (1=e,-1=h):  1.0+/- 0.0
  Orbit copies found:    78, RUC avg coords: (  0.5384+/-  0.5010,  0.5004+/-  0.0032,  0.5384+/-  0.5011)
 
  Freq. =   0.3493+/-  0.0005 kT, m* =   0.1801+/-  0.0016 m_e, Curv. =  -6.2939E+01+/-  4.8073E+00 kT A^2, orbit (1=e,-1=h):  1.0+/- 0.0
  Orbit copies found:    78, RUC avg coords: (  0.9784+/-  0.0018,  0.5782+/-  0.0022,  0.9780+/-  0.0015)
 
  Freq. =   0.3494+/-  0.0005 kT, m* =   0.1801+/-  0.0015 m_e, Curv. =  -6.2998E+01+/-  4.4916E+00 kT A^2, orbit (1=e,-1=h):  1.0+/- 0.0
  Orbit copies found:    76, RUC avg coords: (  0.0217+/-  0.0019,  0.4219+/-  0.0019,  0.0221+/-  0.0017)
 
  Freq. =   0.3843+/-  0.0005 kT, m* =   0.2202+/-  0.0007 m_e, Curv. =   5.3821E+01+/-  3.5596E+00 kT A^2, orbit (1=e,-1=h):  1.0+/- 0.0
  Orbit copies found:    78, RUC avg coords: (  0.5000+/-  0.0038,  0.4745+/-  0.5003,  0.5002+/-  0.5004)
 
  Freq. =   0.4946+/-  0.0004 kT, m* =   0.2312+/-  0.0081 m_e, Curv. =  -6.2415E+01+/-  3.3144E+00 kT A^2, orbit (1=e,-1=h):  1.0+/- 0.0
  Orbit copies found:    78, RUC avg coords: (  0.4039+/-  0.0033,  0.0380+/-  0.0020,  0.0395+/-  0.0012)
 
  Freq. =   0.4947+/-  0.0004 kT, m* =   0.2311+/-  0.0074 m_e, Curv. =  -6.2293E+01+/-  2.8506E+00 kT A^2, orbit (1=e,-1=h):  1.0+/- 0.0
  Orbit copies found:    80, RUC avg coords: (  0.5963+/-  0.0031,  0.9623+/-  0.0018,  0.9607+/-  0.0012)
 
  Freq. =   0.7613+/-  0.0056 kT, m* =   0.3980+/-  0.0152 m_e, Curv. =  -1.4988E+01+/-  1.0096E+02 kT A^2, orbit (1=e,-1=h):  1.0+/- 0.0
  Orbit copies found:   164, RUC avg coords: (  0.2345+/-  0.4052,  0.2333+/-  0.4061,  0.4725+/-  0.0287)
 
  Freq. =   0.7665+/-  0.0012 kT, m* =   0.4043+/-  0.0199 m_e, Curv. =  -9.8882E+01+/-  5.7405E+01 kT A^2, orbit (1=e,-1=h):  1.0+/- 0.0
  Orbit copies found:    84, RUC avg coords: (  0.9723+/-  0.0106,  0.9745+/-  0.0098,  0.5514+/-  0.0178)
 
 ANGLE    32 of    37    theta =   0.000000 degrees, phi =  77.500000 degrees
  Freq. =   0.2436+/-  0.0003 kT, m* =   0.1287+/-  0.0005 m_e, Curv. =   4.1074E+01+/-  2.1569E+00 kT A^2, orbit (1=e,-1=h):  1.0+/- 0.0
  Orbit copies found:    79, RUC avg coords: (  0.5190+/-  0.5023,  0.4999+/-  0.0038,  0.5063+/-  0.5026)
 
  Freq. =   0.3450+/-  0.0004 kT, m* =   0.1776+/-  0.0016 m_e, Curv. =  -5.6802E+01+/-  4.2411E+00 kT A^2, orbit (1=e,-1=h):  1.0+/- 0.0
  Orbit copies found:    80, RUC avg coords: (  0.9798+/-  0.0019,  0.5764+/-  0.0021,  0.9794+/-  0.0016)
 
  Freq. =   0.3451+/-  0.0004 kT, m* =   0.1775+/-  0.0017 m_e, Curv. =  -5.6842E+01+/-  3.9660E+00 kT A^2, orbit (1=e,-1=h):  1.0+/- 0.0
  Orbit copies found:    78, RUC avg coords: (  0.0202+/-  0.0018,  0.4236+/-  0.0019,  0.0206+/-  0.0015)
 
  Freq. =   0.3603+/-  0.0005 kT, m* =   0.2090+/-  0.0005 m_e, Curv. =   4.9060E+01+/-  4.1120E+00 kT A^2, orbit (1=e,-1=h):  1.0+/- 0.0
  Orbit copies found:    78, RUC avg coords: (  0.5000+/-  0.0038,  0.5127+/-  0.5011,  0.4998+/-  0.5005)
 
  Freq. =   0.4709+/-  0.0003 kT, m* =   0.2354+/-  0.0099 m_e, Curv. =  -6.1567E+01+/-  2.1406E+01 kT A^2, orbit (1=e,-1=h):  1.0+/- 0.0
  Orbit copies found:    75, RUC avg coords: (  0.3980+/-  0.0029,  0.0416+/-  0.0027,  0.0425+/-  0.0020)
 
  Freq. =   0.4709+/-  0.0003 kT, m* =   0.2349+/-  0.0102 m_e, Curv. =  -6.1646E+01+/-  2.1235E+01 kT A^2, orbit (1=e,-1=h):  1.0+/- 0.0
  Orbit copies found:    80, RUC avg coords: (  0.6020+/-  0.0029,  0.9587+/-  0.0029,  0.9578+/-  0.0021)
 
  Freq. =   0.8531+/-  0.0033 kT, m* =   0.4426+/-  0.0215 m_e, Curv. =  -7.0163E+01+/-  1.3508E+02 kT A^2, orbit (1=e,-1=h):  1.0+/- 0.0
  Orbit copies found:   141, RUC avg coords: (  0.0189+/-  0.0090,  0.0185+/-  0.0086,  0.4657+/-  0.0154)
 
  Freq. =   0.8539+/-  0.0031 kT, m* =   0.4387+/-  0.0197 m_e, Curv. =  -6.9470E+01+/-  1.1657E+02 kT A^2, orbit (1=e,-1=h):  1.0+/- 0.0
  Orbit copies found:   186, RUC avg coords: (  0.8622+/-  0.3243,  0.8733+/-  0.3119,  0.5256+/-  0.0200)
 
 ANGLE    33 of    37    theta =   0.000000 degrees, phi =  80.000000 degrees
  Freq. =   0.2482+/-  0.0003 kT, m* =   0.1316+/-  0.0007 m_e, Curv. =   4.1989E+01+/-  1.7648E+00 kT A^2, orbit (1=e,-1=h):  1.0+/- 0.0
  Orbit copies found:    79, RUC avg coords: (  0.4936+/-  0.5024,  0.4998+/-  0.0035,  0.4937+/-  0.5024)
 
  Freq. =   0.3401+/-  0.0004 kT, m* =   0.1997+/-  0.0008 m_e, Curv. =   4.4249E+01+/-  3.2174E+00 kT A^2, orbit (1=e,-1=h):  1.0+/- 0.0
  Orbit copies found:    79, RUC avg coords: (  0.5002+/-  0.0034,  0.4938+/-  0.5009,  0.5063+/-  0.5003)
 
  Freq. =   0.3414+/-  0.0004 kT, m* =   0.1744+/-  0.0015 m_e, Curv. =  -5.1614E+01+/-  2.8779E+00 kT A^2, orbit (1=e,-1=h):  1.0+/- 0.0
  Orbit copies found:    81, RUC avg coords: (  0.0186+/-  0.0016,  0.4257+/-  0.0021,  0.0189+/-  0.0014)
 
  Freq. =   0.3414+/-  0.0004 kT, m* =   0.1744+/-  0.0016 m_e, Curv. =  -5.1564E+01+/-  2.9501E+00 kT A^2, orbit (1=e,-1=h):  1.0+/- 0.0
  Orbit copies found:    78, RUC avg coords: (  0.9815+/-  0.0018,  0.5743+/-  0.0021,  0.9810+/-  0.0015)
 
  Freq. =   0.4511+/-  0.0006 kT, m* =   0.2328+/-  0.0042 m_e, Curv. =  -8.5286E+01+/-  2.9014E+01 kT A^2, orbit (1=e,-1=h):  1.0+/- 0.0
  Orbit copies found:    74, RUC avg coords: (  0.3937+/-  0.0028,  0.0444+/-  0.0021,  0.0449+/-  0.0014)
 
  Freq. =   0.4511+/-  0.0007 kT, m* =   0.2323+/-  0.0050 m_e, Curv. =  -8.3742E+01+/-  2.9870E+01 kT A^2, orbit (1=e,-1=h):  1.0+/- 0.0
  Orbit copies found:    79, RUC avg coords: (  0.6061+/-  0.0029,  0.9559+/-  0.0022,  0.9552+/-  0.0015)
 
  Freq. =   0.9691+/-  0.0018 kT, m* =   0.5003+/-  0.0021 m_e, Curv. =  -2.3742E+02+/-  7.8431E+00 kT A^2, orbit (1=e,-1=h):  1.0+/- 0.0
  Orbit copies found:    25, RUC avg coords: (  0.9829+/-  0.0014,  0.9822+/-  0.0013,  0.5297+/-  0.0021)
 
  Freq. =   0.9692+/-  0.0036 kT, m* =   0.4902+/-  0.0212 m_e, Curv. =  -1.0873E+02+/-  1.1955E+02 kT A^2, orbit (1=e,-1=h):  1.0+/- 0.0
  Orbit copies found:   124, RUC avg coords: (  0.3665+/-  0.4727,  0.3666+/-  0.4725,  0.4938+/-  0.0189)
 
 ANGLE    34 of    37    theta =   0.000000 degrees, phi =  82.500000 degrees
  Freq. =   0.2540+/-  0.0003 kT, m* =   0.1351+/-  0.0006 m_e, Curv. =   4.3469E+01+/-  1.4288E+00 kT A^2, orbit (1=e,-1=h):  1.0+/- 0.0
  Orbit copies found:    84, RUC avg coords: (  0.5000+/-  0.5024,  0.4996+/-  0.0040,  0.4405+/-  0.4988)
 
  Freq. =   0.3230+/-  0.0004 kT, m* =   0.1921+/-  0.0010 m_e, Curv. =   3.9484E+01+/-  3.3951E+00 kT A^2, orbit (1=e,-1=h):  1.0+/- 0.0
  Orbit copies found:    79, RUC avg coords: (  0.4999+/-  0.0030,  0.4684+/-  0.5001,  0.4683+/-  0.4998)
 
  Freq. =   0.3385+/-  0.0004 kT, m* =   0.1714+/-  0.0015 m_e, Curv. =  -4.8961E+01+/-  2.1505E+00 kT A^2, orbit (1=e,-1=h):  1.0+/- 0.0
  Orbit copies found:    84, RUC avg coords: (  0.0173+/-  0.0018,  0.4277+/-  0.0018,  0.0177+/-  0.0014)
 
  Freq. =   0.3385+/-  0.0004 kT, m* =   0.1715+/-  0.0013 m_e, Curv. =  -4.8932E+01+/-  2.1024E+00 kT A^2, orbit (1=e,-1=h):  1.0+/- 0.0
  Orbit copies found:    79, RUC avg coords: (  0.9827+/-  0.0016,  0.5721+/-  0.0021,  0.9823+/-  0.0013)
 
  Freq. =   0.4336+/-  0.0007 kT, m* =   0.2212+/-  0.0025 m_e, Curv. =  -8.4220E+01+/-  2.4499E+01 kT A^2, orbit (1=e,-1=h):  1.0+/- 0.0
  Orbit copies found:    77, RUC avg coords: (  0.3926+/-  0.0028,  0.0453+/-  0.0019,  0.0459+/-  0.0012)
 
  Freq. =   0.4337+/-  0.0008 kT, m* =   0.2211+/-  0.0026 m_e, Curv. =  -8.3494E+01+/-  2.4100E+01 kT A^2, orbit (1=e,-1=h):  1.0+/- 0.0
  Orbit copies found:    78, RUC avg coords: (  0.6074+/-  0.0027,  0.9550+/-  0.0020,  0.9542+/-  0.0012)
 
  Freq. =   1.1131+/-  0.0033 kT, m* =   0.5609+/-  0.0049 m_e, Curv. =  -3.9460E+02+/-  3.4597E+01 kT A^2, orbit (1=e,-1=h):  1.0+/- 0.0
  Orbit copies found:    70, RUC avg coords: (  0.4715+/-  0.5009,  0.4572+/-  0.4990,  0.4998+/-  0.0061)
 
 ANGLE    35 of    37    theta =   0.000000 degrees, phi =  85.000000 degrees
  Freq. =   0.2611+/-  0.0003 kT, m* =   0.1394+/-  0.0011 m_e, Curv. =   4.5331E+01+/-  2.0901E+00 kT A^2, orbit (1=e,-1=h):  1.0+/- 0.0
  Orbit copies found:    82, RUC avg coords: (  0.4634+/-  0.5012,  0.5001+/-  0.0037,  0.5000+/-  0.5025)
 
  Freq. =   0.3085+/-  0.0004 kT, m* =   0.1854+/-  0.0009 m_e, Curv. =   3.4002E+01+/-  3.0064E+00 kT A^2, orbit (1=e,-1=h):  1.0+/- 0.0
  Orbit copies found:    80, RUC avg coords: (  0.5010+/-  0.0029,  0.5992+/-  0.4908,  0.6739+/-  0.4689)
 
  Freq. =   0.3364+/-  0.0004 kT, m* =   0.1689+/-  0.0012 m_e, Curv. =  -4.7188E+01+/-  1.7027E+00 kT A^2, orbit (1=e,-1=h):  1.0+/- 0.0
  Orbit copies found:    82, RUC avg coords: (  0.0158+/-  0.0018,  0.4302+/-  0.0019,  0.0163+/-  0.0014)
 
  Freq. =   0.3364+/-  0.0004 kT, m* =   0.1688+/-  0.0011 m_e, Curv. =  -4.6931E+01+/-  1.7886E+00 kT A^2, orbit (1=e,-1=h):  1.0+/- 0.0
  Orbit copies found:    83, RUC avg coords: (  0.9846+/-  0.0016,  0.5694+/-  0.0018,  0.9840+/-  0.0013)
 
  Freq. =   0.4176+/-  0.0006 kT, m* =   0.2098+/-  0.0022 m_e, Curv. =  -8.0760E+01+/-  1.6979E+01 kT A^2, orbit (1=e,-1=h):  1.0+/- 0.0
  Orbit copies found:    80, RUC avg coords: (  0.6087+/-  0.0028,  0.9544+/-  0.0019,  0.9535+/-  0.0012)
 
  Freq. =   0.4177+/-  0.0006 kT, m* =   0.2099+/-  0.0023 m_e, Curv. =  -8.1939E+01+/-  1.5100E+01 kT A^2, orbit (1=e,-1=h):  1.0+/- 0.0
  Orbit copies found:    77, RUC avg coords: (  0.3912+/-  0.0026,  0.0460+/-  0.0018,  0.0467+/-  0.0011)
 
  Freq. =   1.2143+/-  0.0026 kT, m* =   0.5534+/-  0.0006 m_e, Curv. =  -4.5854E+02+/-  4.3167E+00 kT A^2, orbit (1=e,-1=h):  1.0+/- 0.0
  Orbit copies found:    73, RUC avg coords: (  0.5478+/-  0.5001,  0.4932+/-  0.5019,  0.4997+/-  0.0041)
 
 ANGLE    36 of    37    theta =   0.000000 degrees, phi =  87.500000 degrees
  Freq. =   0.2700+/-  0.0004 kT, m* =   0.1453+/-  0.0009 m_e, Curv. =   4.6879E+01+/-  1.5303E+00 kT A^2, orbit (1=e,-1=h):  1.0+/- 0.0
  Orbit copies found:    81, RUC avg coords: (  0.4568+/-  0.5008,  0.5001+/-  0.0046,  0.4568+/-  0.5007)
 
  Freq. =   0.2959+/-  0.0004 kT, m* =   0.1797+/-  0.0006 m_e, Curv. =   2.9546E+01+/-  3.6882E+00 kT A^2, orbit (1=e,-1=h):  1.0+/- 0.0
  Orbit copies found:    80, RUC avg coords: (  0.5000+/-  0.0027,  0.5124+/-  0.5008,  0.5124+/-  0.5007)
 
  Freq. =   0.3352+/-  0.0004 kT, m* =   0.1672+/-  0.0010 m_e, Curv. =  -4.5532E+01+/-  2.0586E+00 kT A^2, orbit (1=e,-1=h):  1.0+/- 0.0
  Orbit copies found:    80, RUC avg coords: (  0.0147+/-  0.0017,  0.4327+/-  0.0021,  0.0153+/-  0.0013)
 
  Freq. =   0.3352+/-  0.0004 kT, m* =   0.1671+/-  0.0010 m_e, Curv. =  -4.5531E+01+/-  1.6896E+00 kT A^2, orbit (1=e,-1=h):  1.0+/- 0.0
  Orbit copies found:    82, RUC avg coords: (  0.9856+/-  0.0017,  0.5673+/-  0.0019,  0.9849+/-  0.0013)
 
  Freq. =   0.4030+/-  0.0004 kT, m* =   0.1987+/-  0.0024 m_e, Curv. =  -7.1887E+01+/-  1.0902E+01 kT A^2, orbit (1=e,-1=h):  1.0+/- 0.0
  Orbit copies found:    78, RUC avg coords: (  0.6092+/-  0.0026,  0.9540+/-  0.0018,  0.9529+/-  0.0013)
 
  Freq. =   0.4030+/-  0.0005 kT, m* =   0.1991+/-  0.0026 m_e, Curv. =  -7.4261E+01+/-  9.8285E+00 kT A^2, orbit (1=e,-1=h):  1.0+/- 0.0
  Orbit copies found:    75, RUC avg coords: (  0.3903+/-  0.0026,  0.0464+/-  0.0017,  0.0472+/-  0.0012)
 
  Freq. =   1.2599+/-  0.0040 kT, m* =   0.5471+/-  0.0013 m_e, Curv. =  -5.1715E+02+/-  7.4822E+00 kT A^2, orbit (1=e,-1=h):  1.0+/- 0.0
  Orbit copies found:    73, RUC avg coords: (  0.4522+/-  0.4999,  0.4933+/-  0.5024,  0.5001+/-  0.0035)
 
 ANGLE    37 of    37    theta =   0.000000 degrees, phi =  90.000000 degrees
  Freq. =   0.2808+/-  0.0004 kT, m* =   0.1526+/-  0.0008 m_e, Curv. =   4.6989E+01+/-  1.2558E+00 kT A^2, orbit (1=e,-1=h):  1.0+/- 0.0
  Orbit copies found:    81, RUC avg coords: (  0.4077+/-  0.4939,  0.5009+/-  0.0051,  0.4815+/-  0.5022)
 
  Freq. =   0.2850+/-  0.0004 kT, m* =   0.1746+/-  0.0009 m_e, Curv. =   2.6151E+01+/-  3.7847E+00 kT A^2, orbit (1=e,-1=h):  1.0+/- 0.0
  Orbit copies found:    78, RUC avg coords: (  0.5002+/-  0.0026,  0.5768+/-  0.4950,  0.5639+/-  0.4967)
 
  Freq. =   0.3348+/-  0.0004 kT, m* =   0.1662+/-  0.0007 m_e, Curv. =  -4.3780E+01+/-  1.7893E+00 kT A^2, orbit (1=e,-1=h):  1.0+/- 0.0
  Orbit copies found:    79, RUC avg coords: (  0.0132+/-  0.0017,  0.4351+/-  0.0017,  0.0142+/-  0.0012)
 
  Freq. =   0.3349+/-  0.0004 kT, m* =   0.1663+/-  0.0007 m_e, Curv. =  -4.3901E+01+/-  1.8438E+00 kT A^2, orbit (1=e,-1=h):  1.0+/- 0.0
  Orbit copies found:    82, RUC avg coords: (  0.9869+/-  0.0015,  0.5644+/-  0.0021,  0.9859+/-  0.0011)
 
  Freq. =   0.3896+/-  0.0005 kT, m* =   0.1898+/-  0.0028 m_e, Curv. =  -6.5840E+01+/-  8.4180E+00 kT A^2, orbit (1=e,-1=h):  1.0+/- 0.0
  Orbit copies found:    80, RUC avg coords: (  0.6104+/-  0.0028,  0.9528+/-  0.0016,  0.9519+/-  0.0011)
 
  Freq. =   0.3896+/-  0.0005 kT, m* =   0.1896+/-  0.0024 m_e, Curv. =  -6.4614E+01+/-  7.0214E+00 kT A^2, orbit (1=e,-1=h):  1.0+/- 0.0
  Orbit copies found:    77, RUC avg coords: (  0.3898+/-  0.0026,  0.0470+/-  0.0016,  0.0479+/-  0.0010)
 
  Freq. =   1.2500+/-  0.0039 kT, m* =   0.5216+/-  0.0006 m_e, Curv. =  -5.1146E+02+/-  4.8782E+00 kT A^2, orbit (1=e,-1=h):  1.0+/- 0.0
  Orbit copies found:    74, RUC avg coords: (  0.5269+/-  0.5009,  0.5134+/-  0.5025,  0.5000+/-  0.0033)
 
